{
  "json": {
    "attributes": [],
    "nodes": [
      {
        "name": "processData",
        "type": "task",
        "attributes": [],
        "title": "Process User Data"
      },
      {
        "name": "waiting",
        "type": "state",
        "attributes": [],
        "title": "Waiting for Input"
      }
    ],
    "edges": [],
    "notes": [],
    "inferredDependencies": []
  },
  "graphviz": "digraph {\n  // Graph attributes\n  label=<<table border=\"0\" cellborder=\"0\" cellspacing=\"0\" cellpadding=\"4\"></table>>;\n  labelloc=\"t\";\n  fontsize=10;\n  fontname=\"Arial\";\n  compound=true;\n  rankdir=TB;\n  pad=0.25;\n  node [fontname=\"Arial\", fontsize=10];\n  edge [fontname=\"Arial\", fontsize=9];\n\n  // Node definitions with nested namespaces\n  \"processData\" [label=<<table border=\"0\" cellborder=\"0\" cellspacing=\"0\" cellpadding=\"4\"><tr><td align=\"left\"><b>processData</b> <i>&lt;task&gt;</i></td></tr><tr><td align=\"left\">Process User Data</td></tr></table>>, shape=box, fillcolor=\"#E3F2FD\", style=filled, color=\"#1976D2\"];\n  \"waiting\" [label=<<table border=\"0\" cellborder=\"0\" cellspacing=\"0\" cellpadding=\"4\"><tr><td align=\"left\"><b>waiting</b> <i>&lt;state&gt;</i></td></tr><tr><td align=\"left\">Waiting for Input</td></tr></table>>, shape=diamond, fillcolor=\"#F3E5F5\", style=filled, color=\"#7B1FA2\"];\n\n}",
  "svgHash": "fbf9d47f39321ce4894d114e18f95f6f382a9f98b03f1b536bc6fd30a41033c5"
}