{
  "json": {
    "attributes": [],
    "nodes": [
      {
        "name": "source",
        "attributes": []
      },
      {
        "name": "target",
        "attributes": []
      }
    ],
    "edges": [
      {
        "source": "source",
        "target": "target",
        "arrowType": "->"
      }
    ],
    "notes": [],
    "inferredDependencies": []
  },
  "graphviz": "digraph {\n  // Graph attributes\n  label=<<table border=\"0\" cellborder=\"0\" cellspacing=\"0\" cellpadding=\"4\"></table>>;\n  labelloc=\"t\";\n  fontsize=10;\n  fontname=\"Arial\";\n  compound=true;\n  rankdir=TB;\n  pad=0.25;\n  node [fontname=\"Arial\", fontsize=10];\n  edge [fontname=\"Arial\", fontsize=9];\n\n  // Node definitions with nested namespaces\n  \"source\" [label=<<table border=\"0\" cellborder=\"0\" cellspacing=\"0\" cellpadding=\"4\"><tr><td align=\"left\"><b>source</b></td></tr></table>>, shape=ellipse, fillcolor=\"#FFF3E0\", style=filled, color=\"#F57C00\"];\n  \"target\" [label=<<table border=\"0\" cellborder=\"0\" cellspacing=\"0\" cellpadding=\"4\"><tr><td align=\"left\"><b>target</b></td></tr></table>>, shape=box, fillcolor=\"#FFFFFF\", style=filled, color=\"#000000\"];\n\n  // Edges\n  \"source\" -> \"target\" [labelOverlay=\"75%\", labelhref=\"#srcLineTBD\"];\n}",
  "svgHash": "5e7b958f21cbc7efc4393fe31ec70816a50e344bb7fb8982cceb30e4106609f9"
}