{
  "json": {
    "title": "Abstract Base",
    "attributes": [],
    "nodes": [
      {
        "name": "BaseHandler",
        "type": "task",
        "attributes": [
          {
            "name": "prompt",
            "value": "Base handler that must be overridden"
          }
        ],
        "annotations": [
          {
            "name": "Abstract"
          }
        ]
      },
      {
        "name": "ConcreteHandler",
        "type": "task",
        "attributes": [
          {
            "name": "prompt",
            "value": "Concrete implementation"
          }
        ]
      }
    ],
    "edges": [
      {
        "source": "BaseHandler",
        "target": "ConcreteHandler",
        "arrowType": "<|--"
      }
    ],
    "notes": [],
    "inferredDependencies": []
  },
  "graphviz": "digraph {\n  // Graph attributes\n  label=<<table border=\"0\" cellborder=\"0\" cellspacing=\"0\" cellpadding=\"4\"><tr><td align=\"center\"><font point-size=\"12\"><b>Abstract Base</b></font></td></tr></table>>;\n  labelloc=\"t\";\n  fontsize=10;\n  fontname=\"Arial\";\n  compound=true;\n  rankdir=TB;\n  pad=0.25;\n  node [fontname=\"Arial\", fontsize=10];\n  edge [fontname=\"Arial\", fontsize=9];\n\n  // Node definitions with nested namespaces\n  \"BaseHandler\" [label=<<table border=\"0\" cellborder=\"0\" cellspacing=\"0\" cellpadding=\"4\"><tr><td align=\"left\"><b>BaseHandler</b> <i>&lt;task&gt;</i> <i>@Abstract</i></td></tr><tr><td align=\"left\">Base handler that must be overridden</td></tr></table>>, shape=egg, fillcolor=\"#E3F2FD\", style=\"filled,dashed\", color=\"#1976D2\"];\n  \"ConcreteHandler\" [label=<<table border=\"0\" cellborder=\"0\" cellspacing=\"0\" cellpadding=\"4\"><tr><td align=\"left\"><b>ConcreteHandler</b> <i>&lt;task&gt;</i></td></tr><tr><td align=\"left\">Concrete implementation</td></tr></table>>, shape=box, fillcolor=\"#E3F2FD\", style=filled, color=\"#1976D2\"];\n\n  // Edges\n  \"BaseHandler\" -> \"ConcreteHandler\" [arrowhead=empty, dir=back, labelOverlay=\"75%\", labelhref=\"#srcLineTBD\"];\n}",
  "svgHash": "46035e1d3dbe37af052c4436ebfc02583bd77bde5a7df114152e9c241da0b2e4"
}