{
  "json": {
    "title": "Inheritance Example",
    "attributes": [],
    "nodes": [
      {
        "name": "BaseProcessor",
        "type": "task",
        "attributes": []
      },
      {
        "name": "DataProcessor",
        "type": "task",
        "attributes": []
      }
    ],
    "edges": [
      {
        "source": "BaseProcessor",
        "target": "DataProcessor",
        "arrowType": "<|--"
      }
    ],
    "notes": [],
    "inferredDependencies": []
  },
  "graphviz": "digraph {\n  // Graph attributes\n  label=<<table border=\"0\" cellborder=\"0\" cellspacing=\"0\" cellpadding=\"4\"><tr><td align=\"center\"><font point-size=\"12\"><b>Inheritance Example</b></font></td></tr></table>>;\n  labelloc=\"t\";\n  fontsize=10;\n  fontname=\"Arial\";\n  compound=true;\n  rankdir=TB;\n  pad=0.25;\n  node [fontname=\"Arial\", fontsize=10];\n  edge [fontname=\"Arial\", fontsize=9];\n\n  // Node definitions with nested namespaces\n  \"BaseProcessor\" [label=<<table border=\"0\" cellborder=\"0\" cellspacing=\"0\" cellpadding=\"4\"><tr><td align=\"left\"><b>BaseProcessor</b> <i>&lt;task&gt;</i></td></tr></table>>, shape=box, fillcolor=\"#E3F2FD\", style=filled, color=\"#1976D2\"];\n  \"DataProcessor\" [label=<<table border=\"0\" cellborder=\"0\" cellspacing=\"0\" cellpadding=\"4\"><tr><td align=\"left\"><b>DataProcessor</b> <i>&lt;task&gt;</i></td></tr></table>>, shape=box, fillcolor=\"#E3F2FD\", style=filled, color=\"#1976D2\"];\n\n  // Edges\n  \"BaseProcessor\" -> \"DataProcessor\" [arrowhead=empty, dir=back, labelOverlay=\"75%\", labelhref=\"#srcLineTBD\"];\n}",
  "svgHash": "4dba1617a89a56e6df155cf3ce9e1f2260fb7ad15c92b8ff4d4e1d1136cecd50"
}