{
  "json": {
    "attributes": [],
    "nodes": [
      {
        "name": "a",
        "attributes": []
      },
      {
        "name": "b",
        "attributes": []
      }
    ],
    "edges": [
      {
        "source": "a",
        "target": "b",
        "arrowType": "->"
      },
      {
        "source": "a",
        "target": "b",
        "arrowType": "->",
        "value": {
          "text": "drives"
        },
        "attributes": {
          "text": "drives"
        }
      },
      {
        "source": "a",
        "target": "b",
        "arrowType": "->",
        "value": {
          "confidence": "0.9"
        },
        "attributes": {
          "confidence": "0.9"
        }
      }
    ],
    "notes": [],
    "inferredDependencies": []
  },
  "graphviz": "digraph {\n  // Graph attributes\n  label=<<table border=\"0\" cellborder=\"0\" cellspacing=\"0\" cellpadding=\"4\"></table>>;\n  labelloc=\"t\";\n  fontsize=10;\n  fontname=\"Arial\";\n  compound=true;\n  rankdir=TB;\n  pad=0.25;\n  node [fontname=\"Arial\", fontsize=10];\n  edge [fontname=\"Arial\", fontsize=9];\n\n  // Node definitions with nested namespaces\n  \"a\" [label=<<table border=\"0\" cellborder=\"0\" cellspacing=\"0\" cellpadding=\"4\"><tr><td align=\"left\"><b>a</b></td></tr></table>>, shape=ellipse, fillcolor=\"#FFF3E0\", style=filled, color=\"#F57C00\"];\n  \"b\" [label=<<table border=\"0\" cellborder=\"0\" cellspacing=\"0\" cellpadding=\"4\"><tr><td align=\"left\"><b>b</b></td></tr></table>>, shape=box, fillcolor=\"#FFFFFF\", style=filled, color=\"#000000\"];\n\n  // Edges\n  \"a\" -> \"b\" [labelOverlay=\"75%\", labelhref=\"#srcLineTBD\"];\n  \"a\" -> \"b\" [label=\"drives\", labelOverlay=\"75%\", labelhref=\"#srcLineTBD\"];\n  \"a\" -> \"b\" [label=\"confidence=0.9\", labelOverlay=\"75%\", labelhref=\"#srcLineTBD\"];\n}",
  "svgHash": "8ac4e4493306200e9369cb0d8c7e81812605c3c3dc83d8ea2119378485347115"
}