{
  "json": {
    "attributes": [],
    "nodes": [
      {
        "name": "config",
        "type": "context",
        "attributes": [
          {
            "name": "apiKey",
            "type": "string",
            "value": "secret123"
          },
          {
            "name": "endpoint",
            "type": "string",
            "value": "https://api.example.com"
          }
        ]
      },
      {
        "name": "apiCall",
        "type": "task",
        "attributes": [
          {
            "name": "prompt",
            "value": "Call {{ config.endpoint }} with key {{ config.apiKey }}"
          }
        ]
      }
    ],
    "edges": [],
    "notes": [],
    "inferredDependencies": [
      {
        "source": "apiCall",
        "target": "config",
        "reason": "reads prompt",
        "path": "config.endpoint"
      },
      {
        "source": "apiCall",
        "target": "config",
        "reason": "reads prompt",
        "path": "config.apiKey"
      }
    ]
  },
  "graphviz": "digraph {\n  // Graph attributes\n  label=<<table border=\"0\" cellborder=\"0\" cellspacing=\"0\" cellpadding=\"4\"></table>>;\n  labelloc=\"t\";\n  fontsize=10;\n  fontname=\"Arial\";\n  compound=true;\n  rankdir=TB;\n  pad=0.25;\n  node [fontname=\"Arial\", fontsize=10];\n  edge [fontname=\"Arial\", fontsize=9];\n\n  // Node definitions with nested namespaces\n  \"config\" [label=<<table border=\"0\" cellborder=\"0\" cellspacing=\"0\" cellpadding=\"4\"><tr><td align=\"left\"><b>config</b> <i>&lt;context&gt;</i></td></tr><tr><td><table border=\"0\" cellborder=\"1\" cellspacing=\"0\" cellpadding=\"2\" align=\"left\"><tr><td port=\"apiKey__key\" align=\"left\" balign=\"left\">apiKey : string</td><td port=\"apiKey__value\" align=\"left\" balign=\"left\">secret123</td></tr><tr><td port=\"endpoint__key\" align=\"left\" balign=\"left\">endpoint : string</td><td port=\"endpoint__value\" align=\"left\" balign=\"left\">https://api.example.com</td></tr></table></td></tr></table>>, shape=folder, fillcolor=\"#E8F5E9\", style=filled, color=\"#388E3C\"];\n  \"apiCall\" [label=<<table border=\"0\" cellborder=\"0\" cellspacing=\"0\" cellpadding=\"4\"><tr><td align=\"left\"><b>apiCall</b> <i>&lt;task&gt;</i></td></tr><tr><td align=\"left\">Call {{ config.endpoint }} with key {{<br/>config.apiKey }}</td></tr></table>>, shape=box, fillcolor=\"#E3F2FD\", style=filled, color=\"#1976D2\"];\n\n\n  // Inferred Dependencies\n  \"apiCall\" -> \"config\" [label=\"reads prompt\", style=dashed, color=blue];\n  \"apiCall\" -> \"config\" [label=\"reads prompt\", style=dashed, color=blue];\n}",
  "svgHash": "0a99e9ca58b9ab227e2c0d4dd9421a9854901a42a66141ed97794d8bfef67d6b"
}