{
  "json": {
    "attributes": [],
    "nodes": [
      {
        "name": "output",
        "type": "context",
        "attributes": [
          {
            "name": "value",
            "type": "string",
            "value": ""
          },
          {
            "name": "metadata",
            "type": "object",
            "value": "{}"
          },
          {
            "name": "count",
            "type": "number",
            "value": 0
          },
          {
            "name": "isComplete",
            "type": "boolean",
            "value": false
          }
        ]
      }
    ],
    "edges": [],
    "notes": [],
    "inferredDependencies": []
  },
  "graphviz": "digraph {\n  // Graph attributes\n  label=<<table border=\"0\" cellborder=\"0\" cellspacing=\"0\" cellpadding=\"4\"></table>>;\n  labelloc=\"t\";\n  fontsize=10;\n  fontname=\"Arial\";\n  compound=true;\n  rankdir=TB;\n  pad=0.25;\n  node [fontname=\"Arial\", fontsize=10];\n  edge [fontname=\"Arial\", fontsize=9];\n\n  // Node definitions with nested namespaces\n  \"output\" [label=<<table border=\"0\" cellborder=\"0\" cellspacing=\"0\" cellpadding=\"4\"><tr><td align=\"left\"><b>output</b> <i>&lt;context&gt;</i></td></tr><tr><td><table border=\"0\" cellborder=\"1\" cellspacing=\"0\" cellpadding=\"2\" align=\"left\"><tr><td port=\"value__key\" align=\"left\" balign=\"left\">value : string</td><td port=\"value__value\" align=\"left\" balign=\"left\"></td></tr><tr><td port=\"metadata__key\" align=\"left\" balign=\"left\">metadata : object</td><td port=\"metadata__value\" align=\"left\" balign=\"left\">{}</td></tr><tr><td port=\"count__key\" align=\"left\" balign=\"left\">count : number</td><td port=\"count__value\" align=\"left\" balign=\"left\">0</td></tr><tr><td port=\"isComplete__key\" align=\"left\" balign=\"left\">isComplete : boolean</td><td port=\"isComplete__value\" align=\"left\" balign=\"left\">false</td></tr></table></td></tr><tr><td align=\"left\" bgcolor=\"#FFCCCC\"><font point-size=\"8\"><b>ðŸ”´ 1 issue</b><br/>Type mismatch: expected object, got string<br/></font></td></tr></table>>, shape=folder, fillcolor=\"#E8F5E9\", style=filled, color=\"#388E3C\", penwidth=3, color=\"#D32F2F\"];\n\n\n  // Validation Warnings\n  \"warning_output_0\" [label=<ðŸ”´ Type mismatch: expected object, got<br/>string>, shape=note, fillcolor=\"#FFCCCC\", style=filled, fontsize=9];\n  \"warning_output_0\" -> \"output\" [style=dashed, color=\"#999999\", arrowhead=none];\n}",
  "svgHash": "d2bf2c00260556d90226598e2b65b05b6196b9bf3e91875de8782160630763d5"
}