{
  "json": {
    "attributes": [],
    "nodes": [
      {
        "name": "start",
        "attributes": []
      },
      {
        "name": "authenticate",
        "attributes": []
      },
      {
        "name": "validate",
        "attributes": []
      },
      {
        "name": "process",
        "attributes": []
      },
      {
        "name": "complete",
        "attributes": []
      },
      {
        "name": "error",
        "attributes": []
      },
      {
        "name": "retry",
        "attributes": []
      }
    ],
    "edges": [
      {
        "source": "start",
        "target": "authenticate",
        "arrowType": "->"
      },
      {
        "source": "authenticate",
        "target": "validate",
        "arrowType": "->"
      },
      {
        "source": "validate",
        "target": "process",
        "arrowType": "->"
      },
      {
        "source": "process",
        "target": "complete",
        "arrowType": "->"
      },
      {
        "source": "process",
        "target": "error",
        "arrowType": "->"
      },
      {
        "source": "error",
        "target": "retry",
        "arrowType": "->"
      },
      {
        "source": "retry",
        "target": "process",
        "arrowType": "->"
      }
    ],
    "notes": [],
    "inferredDependencies": []
  },
  "graphviz": "digraph {\n  // Graph attributes\n  label=<<table border=\"0\" cellborder=\"0\" cellspacing=\"0\" cellpadding=\"4\"></table>>;\n  labelloc=\"t\";\n  fontsize=10;\n  fontname=\"Arial\";\n  compound=true;\n  rankdir=TB;\n  pad=0.25;\n  node [fontname=\"Arial\", fontsize=10];\n  edge [fontname=\"Arial\", fontsize=9];\n\n  // Node definitions with nested namespaces\n  \"start\" [label=<<table border=\"0\" cellborder=\"0\" cellspacing=\"0\" cellpadding=\"4\"><tr><td align=\"left\"><b>start</b></td></tr></table>>, shape=ellipse, fillcolor=\"#FFF3E0\", style=filled, color=\"#F57C00\"];\n  \"authenticate\" [label=<<table border=\"0\" cellborder=\"0\" cellspacing=\"0\" cellpadding=\"4\"><tr><td align=\"left\"><b>authenticate</b></td></tr></table>>, shape=box, fillcolor=\"#FFFFFF\", style=filled, color=\"#000000\"];\n  \"validate\" [label=<<table border=\"0\" cellborder=\"0\" cellspacing=\"0\" cellpadding=\"4\"><tr><td align=\"left\"><b>validate</b></td></tr></table>>, shape=box, fillcolor=\"#FFFFFF\", style=filled, color=\"#000000\"];\n  \"process\" [label=<<table border=\"0\" cellborder=\"0\" cellspacing=\"0\" cellpadding=\"4\"><tr><td align=\"left\"><b>process</b></td></tr></table>>, shape=box, fillcolor=\"#FFFFFF\", style=filled, color=\"#000000\"];\n  \"complete\" [label=<<table border=\"0\" cellborder=\"0\" cellspacing=\"0\" cellpadding=\"4\"><tr><td align=\"left\"><b>complete</b></td></tr></table>>, shape=box, fillcolor=\"#FFFFFF\", style=filled, color=\"#000000\"];\n  \"error\" [label=<<table border=\"0\" cellborder=\"0\" cellspacing=\"0\" cellpadding=\"4\"><tr><td align=\"left\"><b>error</b></td></tr></table>>, shape=box, fillcolor=\"#FFFFFF\", style=filled, color=\"#000000\"];\n  \"retry\" [label=<<table border=\"0\" cellborder=\"0\" cellspacing=\"0\" cellpadding=\"4\"><tr><td align=\"left\"><b>retry</b></td></tr></table>>, shape=box, fillcolor=\"#FFFFFF\", style=filled, color=\"#000000\"];\n\n  // Edges\n  \"start\" -> \"authenticate\" [labelOverlay=\"75%\", labelhref=\"#srcLineTBD\"];\n  \"authenticate\" -> \"validate\" [labelOverlay=\"75%\", labelhref=\"#srcLineTBD\"];\n  \"validate\" -> \"process\" [labelOverlay=\"75%\", labelhref=\"#srcLineTBD\"];\n  \"process\" -> \"complete\" [labelOverlay=\"75%\", labelhref=\"#srcLineTBD\"];\n  \"process\" -> \"error\" [labelOverlay=\"75%\", labelhref=\"#srcLineTBD\"];\n  \"error\" -> \"retry\" [labelOverlay=\"75%\", labelhref=\"#srcLineTBD\"];\n  \"retry\" -> \"process\" [labelOverlay=\"75%\", labelhref=\"#srcLineTBD\"];\n}",
  "svgHash": "5c6a5d9c68e182f469f2d8447fc5b06aecf4e90648a6da43199313fd52c36b27"
}