{
  "json": {
    "title": "Context Heavy Machine",
    "attributes": [],
    "nodes": [
      {
        "name": "appConfig",
        "type": "context",
        "attributes": [
          {
            "name": "environment",
            "type": "string",
            "value": "production"
          },
          {
            "name": "version",
            "type": "string",
            "value": "2.0.1"
          },
          {
            "name": "debug",
            "type": "boolean",
            "value": false
          },
          {
            "name": "maxConnections",
            "type": "number",
            "value": 1000
          },
          {
            "name": "features",
            "value": [
              "auth",
              "logging",
              "metrics"
            ]
          }
        ]
      },
      {
        "name": "userPrefs",
        "type": "context",
        "attributes": [
          {
            "name": "theme",
            "type": "string",
            "value": "dark"
          },
          {
            "name": "language",
            "type": "string",
            "value": "en-US"
          },
          {
            "name": "notifications",
            "type": "boolean",
            "value": true
          }
        ]
      },
      {
        "name": "bootstrap",
        "type": "init",
        "attributes": []
      },
      {
        "name": "ready",
        "type": "state",
        "attributes": []
      }
    ],
    "edges": [
      {
        "source": "bootstrap",
        "target": "ready",
        "arrowType": "->"
      }
    ],
    "notes": [],
    "inferredDependencies": []
  },
  "graphviz": "digraph {\n  // Graph attributes\n  label=<<table border=\"0\" cellborder=\"0\" cellspacing=\"0\" cellpadding=\"4\"><tr><td align=\"center\"><font point-size=\"12\"><b>Context Heavy Machine</b></font></td></tr></table>>;\n  labelloc=\"t\";\n  fontsize=10;\n  fontname=\"Arial\";\n  compound=true;\n  rankdir=TB;\n  pad=0.25;\n  node [fontname=\"Arial\", fontsize=10];\n  edge [fontname=\"Arial\", fontsize=9];\n\n  // Node definitions with nested namespaces\n  \"appConfig\" [label=<<table border=\"0\" cellborder=\"0\" cellspacing=\"0\" cellpadding=\"4\"><tr><td align=\"left\"><b>appConfig</b> <i>&lt;context&gt;</i></td></tr><tr><td><table border=\"0\" cellborder=\"1\" cellspacing=\"0\" cellpadding=\"2\" align=\"left\"><tr><td port=\"environment__key\" align=\"left\" balign=\"left\">environment : string</td><td port=\"environment__value\" align=\"left\" balign=\"left\">production</td></tr><tr><td port=\"version__key\" align=\"left\" balign=\"left\">version : string</td><td port=\"version__value\" align=\"left\" balign=\"left\">2.0.1</td></tr><tr><td port=\"debug__key\" align=\"left\" balign=\"left\">debug : boolean</td><td port=\"debug__value\" align=\"left\" balign=\"left\">false</td></tr><tr><td port=\"maxConnections__key\" align=\"left\" balign=\"left\">maxConnections : number</td><td port=\"maxConnections__value\" align=\"left\" balign=\"left\">1000</td></tr><tr><td port=\"features__key\" align=\"left\" balign=\"left\">features</td><td port=\"features__value\" align=\"left\" balign=\"left\">[<br align=\"left\"/>  &quot;auth&quot;,<br align=\"left\"/>  &quot;logging&quot;,<br align=\"left\"/>  &quot;metrics&quot;<br align=\"left\"/>]</td></tr></table></td></tr></table>>, shape=folder, fillcolor=\"#E8F5E9\", style=filled, color=\"#388E3C\"];\n  \"userPrefs\" [label=<<table border=\"0\" cellborder=\"0\" cellspacing=\"0\" cellpadding=\"4\"><tr><td align=\"left\"><b>userPrefs</b> <i>&lt;context&gt;</i></td></tr><tr><td><table border=\"0\" cellborder=\"1\" cellspacing=\"0\" cellpadding=\"2\" align=\"left\"><tr><td port=\"theme__key\" align=\"left\" balign=\"left\">theme : string</td><td port=\"theme__value\" align=\"left\" balign=\"left\">dark</td></tr><tr><td port=\"language__key\" align=\"left\" balign=\"left\">language : string</td><td port=\"language__value\" align=\"left\" balign=\"left\">en-US</td></tr><tr><td port=\"notifications__key\" align=\"left\" balign=\"left\">notifications : boolean</td><td port=\"notifications__value\" align=\"left\" balign=\"left\">true</td></tr></table></td></tr></table>>, shape=folder, fillcolor=\"#E8F5E9\", style=filled, color=\"#388E3C\"];\n  \"bootstrap\" [label=<<table border=\"0\" cellborder=\"0\" cellspacing=\"0\" cellpadding=\"4\"><tr><td align=\"left\"><b>bootstrap</b> <i>&lt;init&gt;</i></td></tr></table>>, shape=ellipse, fillcolor=\"#FFF3E0\", style=filled, color=\"#F57C00\"];\n  \"ready\" [label=<<table border=\"0\" cellborder=\"0\" cellspacing=\"0\" cellpadding=\"4\"><tr><td align=\"left\"><b>ready</b> <i>&lt;state&gt;</i></td></tr></table>>, shape=diamond, fillcolor=\"#F3E5F5\", style=filled, color=\"#7B1FA2\"];\n\n  // Edges\n  \"bootstrap\" -> \"ready\" [labelOverlay=\"75%\", labelhref=\"#srcLineTBD\"];\n}",
  "svgHash": "02cb3b1cea2792d30cf28904d14f96f471bdfc53551e9680496f311aa4c33a19"
}