{
  "json": {
    "attributes": [],
    "nodes": [
      {
        "name": "storage",
        "type": "context",
        "attributes": [
          {
            "name": "value",
            "type": "string",
            "value": ""
          },
          {
            "name": "count",
            "type": "number",
            "value": 0
          }
        ]
      }
    ],
    "edges": [],
    "notes": [],
    "inferredDependencies": []
  },
  "graphviz": "digraph {\n  // Graph attributes\n  label=<<table border=\"0\" cellborder=\"0\" cellspacing=\"0\" cellpadding=\"4\"></table>>;\n  labelloc=\"t\";\n  fontsize=10;\n  fontname=\"Arial\";\n  compound=true;\n  rankdir=TB;\n  pad=0.25;\n  node [fontname=\"Arial\", fontsize=10];\n  edge [fontname=\"Arial\", fontsize=9];\n\n  // Node definitions with nested namespaces\n  \"storage\" [label=<<table border=\"0\" cellborder=\"0\" cellspacing=\"0\" cellpadding=\"4\"><tr><td align=\"left\"><b>storage</b> <i>&lt;context&gt;</i></td></tr><tr><td><table border=\"0\" cellborder=\"1\" cellspacing=\"0\" cellpadding=\"2\" align=\"left\"><tr><td port=\"value__key\" align=\"left\" balign=\"left\">value : string</td><td port=\"value__value\" align=\"left\" balign=\"left\"></td></tr><tr><td port=\"count__key\" align=\"left\" balign=\"left\">count : number</td><td port=\"count__value\" align=\"left\" balign=\"left\">0</td></tr></table></td></tr></table>>, shape=folder, fillcolor=\"#E8F5E9\", style=filled, color=\"#388E3C\"];\n\n}",
  "svgHash": "a6ede18f93aa9e338f537c0d96f3ed23822f5205e1113d65d1bfe7a44bb5c3f3"
}