{
  "json": {
    "attributes": [],
    "nodes": [
      {
        "name": "node",
        "type": "private",
        "attributes": []
      },
      {
        "name": "_InternalHelper",
        "attributes": []
      }
    ],
    "edges": [],
    "notes": [],
    "inferredDependencies": []
  },
  "graphviz": "digraph {\n  // Graph attributes\n  label=<<table border=\"0\" cellborder=\"0\" cellspacing=\"0\" cellpadding=\"4\"></table>>;\n  labelloc=\"t\";\n  fontsize=10;\n  fontname=\"Arial\";\n  compound=true;\n  rankdir=TB;\n  pad=0.25;\n  node [fontname=\"Arial\", fontsize=10];\n  edge [fontname=\"Arial\", fontsize=9];\n\n  // Node definitions with nested namespaces\n  \"node\" [label=<<table border=\"0\" cellborder=\"0\" cellspacing=\"0\" cellpadding=\"4\"><tr><td align=\"left\"><b>node</b> <i>&lt;private&gt;</i></td></tr></table>>, shape=box, fillcolor=\"#FFFFFF\", style=filled, color=\"#000000\"];\n  \"_InternalHelper\" [label=<<table border=\"0\" cellborder=\"0\" cellspacing=\"0\" cellpadding=\"4\"><tr><td align=\"left\"><b>_InternalHelper</b></td></tr></table>>, shape=box, fillcolor=\"#FFFFFF\", style=filled, color=\"#000000\"];\n\n}",
  "svgHash": "9bf3e54dce474a1f7a3121a89d0fc9510ac4c642c6c21c18d212bfea94275f0f"
}