{
  "json": {
    "title": "Multi-Stage Pipeline",
    "attributes": [],
    "nodes": [
      {
        "name": "fetchAPI",
        "type": "task",
        "attributes": [],
        "annotations": [
          {
            "name": "Async"
          }
        ],
        "title": "Fetch from API"
      },
      {
        "name": "fetchDB",
        "type": "task",
        "attributes": [],
        "annotations": [
          {
            "name": "Async"
          }
        ],
        "title": "Fetch from DB"
      },
      {
        "name": "merge",
        "type": "task",
        "attributes": [],
        "title": "Merge sources"
      },
      {
        "name": "clean",
        "type": "task",
        "attributes": [],
        "title": "Clean data"
      },
      {
        "name": "enrich",
        "type": "task",
        "attributes": [],
        "title": "Enrich data"
      },
      {
        "name": "toWarehouse",
        "type": "task",
        "attributes": [],
        "annotations": [
          {
            "name": "Async"
          }
        ],
        "title": "To data warehouse"
      },
      {
        "name": "toCache",
        "type": "task",
        "attributes": [],
        "annotations": [
          {
            "name": "Async"
          }
        ],
        "title": "To cache"
      },
      {
        "name": "toAPI",
        "type": "task",
        "attributes": [],
        "annotations": [
          {
            "name": "Async"
          }
        ],
        "title": "To API"
      }
    ],
    "edges": [
      {
        "source": "fetchAPI",
        "target": "merge",
        "arrowType": "->"
      },
      {
        "source": "fetchDB",
        "target": "merge",
        "arrowType": "->"
      },
      {
        "source": "merge",
        "target": "clean",
        "arrowType": "->"
      },
      {
        "source": "clean",
        "target": "enrich",
        "arrowType": "->"
      },
      {
        "source": "enrich",
        "target": "toWarehouse",
        "arrowType": "->"
      },
      {
        "source": "enrich",
        "target": "toCache",
        "arrowType": "->"
      },
      {
        "source": "enrich",
        "target": "toAPI",
        "arrowType": "->"
      }
    ],
    "notes": [],
    "inferredDependencies": []
  },
  "graphviz": "digraph {\n  // Graph attributes\n  label=<<table border=\"0\" cellborder=\"0\" cellspacing=\"0\" cellpadding=\"4\"><tr><td align=\"center\"><font point-size=\"12\"><b>Multi-Stage Pipeline</b></font></td></tr></table>>;\n  labelloc=\"t\";\n  fontsize=10;\n  fontname=\"Arial\";\n  compound=true;\n  rankdir=TB;\n  pad=0.25;\n  node [fontname=\"Arial\", fontsize=10];\n  edge [fontname=\"Arial\", fontsize=9];\n\n  // Node definitions with nested namespaces\n  \"fetchAPI\" [label=<<table border=\"0\" cellborder=\"0\" cellspacing=\"0\" cellpadding=\"4\"><tr><td align=\"left\"><b>fetchAPI</b> <i>&lt;task&gt;</i> <i>@Async</i></td></tr><tr><td align=\"left\">Fetch from API</td></tr></table>>, shape=box, fillcolor=\"#E3F2FD\", style=filled, color=\"#1976D2\"];\n  \"fetchDB\" [label=<<table border=\"0\" cellborder=\"0\" cellspacing=\"0\" cellpadding=\"4\"><tr><td align=\"left\"><b>fetchDB</b> <i>&lt;task&gt;</i> <i>@Async</i></td></tr><tr><td align=\"left\">Fetch from DB</td></tr></table>>, shape=box, fillcolor=\"#E3F2FD\", style=filled, color=\"#1976D2\"];\n  \"merge\" [label=<<table border=\"0\" cellborder=\"0\" cellspacing=\"0\" cellpadding=\"4\"><tr><td align=\"left\"><b>merge</b> <i>&lt;task&gt;</i></td></tr><tr><td align=\"left\">Merge sources</td></tr></table>>, shape=box, fillcolor=\"#E3F2FD\", style=filled, color=\"#1976D2\"];\n  \"clean\" [label=<<table border=\"0\" cellborder=\"0\" cellspacing=\"0\" cellpadding=\"4\"><tr><td align=\"left\"><b>clean</b> <i>&lt;task&gt;</i></td></tr><tr><td align=\"left\">Clean data</td></tr></table>>, shape=box, fillcolor=\"#E3F2FD\", style=filled, color=\"#1976D2\"];\n  \"enrich\" [label=<<table border=\"0\" cellborder=\"0\" cellspacing=\"0\" cellpadding=\"4\"><tr><td align=\"left\"><b>enrich</b> <i>&lt;task&gt;</i></td></tr><tr><td align=\"left\">Enrich data</td></tr></table>>, shape=box, fillcolor=\"#E3F2FD\", style=filled, color=\"#1976D2\"];\n  \"toWarehouse\" [label=<<table border=\"0\" cellborder=\"0\" cellspacing=\"0\" cellpadding=\"4\"><tr><td align=\"left\"><b>toWarehouse</b> <i>&lt;task&gt;</i> <i>@Async</i></td></tr><tr><td align=\"left\">To data warehouse</td></tr></table>>, shape=box, fillcolor=\"#E3F2FD\", style=filled, color=\"#1976D2\"];\n  \"toCache\" [label=<<table border=\"0\" cellborder=\"0\" cellspacing=\"0\" cellpadding=\"4\"><tr><td align=\"left\"><b>toCache</b> <i>&lt;task&gt;</i> <i>@Async</i></td></tr><tr><td align=\"left\">To cache</td></tr></table>>, shape=box, fillcolor=\"#E3F2FD\", style=filled, color=\"#1976D2\"];\n  \"toAPI\" [label=<<table border=\"0\" cellborder=\"0\" cellspacing=\"0\" cellpadding=\"4\"><tr><td align=\"left\"><b>toAPI</b> <i>&lt;task&gt;</i> <i>@Async</i></td></tr><tr><td align=\"left\">To API</td></tr></table>>, shape=box, fillcolor=\"#E3F2FD\", style=filled, color=\"#1976D2\"];\n\n  // Edges\n  \"fetchAPI\" -> \"merge\" [labelOverlay=\"75%\", labelhref=\"#srcLineTBD\"];\n  \"fetchDB\" -> \"merge\" [labelOverlay=\"75%\", labelhref=\"#srcLineTBD\"];\n  \"merge\" -> \"clean\" [labelOverlay=\"75%\", labelhref=\"#srcLineTBD\"];\n  \"clean\" -> \"enrich\" [labelOverlay=\"75%\", labelhref=\"#srcLineTBD\"];\n  \"enrich\" -> \"toWarehouse\" [labelOverlay=\"75%\", labelhref=\"#srcLineTBD\"];\n  \"enrich\" -> \"toCache\" [labelOverlay=\"75%\", labelhref=\"#srcLineTBD\"];\n  \"enrich\" -> \"toAPI\" [labelOverlay=\"75%\", labelhref=\"#srcLineTBD\"];\n}",
  "svgHash": "5a006961aeaeffd816ef0758668c0a4ef48d446705bd6f50191f8a0cbfa98680"
}