{
  "json": {
    "title": "Custom Direction",
    "attributes": [],
    "nodes": [
      {
        "name": "horizontal",
        "type": "process",
        "attributes": [],
        "annotations": [
          {
            "name": "Direction",
            "value": "LR"
          }
        ]
      },
      {
        "name": "a",
        "type": "task",
        "attributes": [],
        "parent": "horizontal"
      },
      {
        "name": "c",
        "attributes": [],
        "parent": "horizontal"
      },
      {
        "name": "vertical",
        "type": "process",
        "attributes": [],
        "annotations": [
          {
            "name": "Direction",
            "value": "TB"
          }
        ]
      },
      {
        "name": "d",
        "type": "task",
        "attributes": [],
        "parent": "vertical"
      },
      {
        "name": "f",
        "attributes": [],
        "parent": "vertical"
      },
      {
        "name": "Task",
        "attributes": []
      },
      {
        "name": "b",
        "attributes": []
      },
      {
        "name": "e",
        "attributes": []
      }
    ],
    "edges": [
      {
        "source": "b",
        "target": "Task",
        "arrowType": "->"
      },
      {
        "source": "e",
        "target": "Task",
        "arrowType": "->"
      }
    ],
    "notes": [],
    "inferredDependencies": []
  },
  "graphviz": "digraph {\n  // Graph attributes\n  label=<<table border=\"0\" cellborder=\"0\" cellspacing=\"0\" cellpadding=\"4\"><tr><td align=\"center\"><font point-size=\"12\"><b>Custom Direction</b></font></td></tr></table>>;\n  labelloc=\"t\";\n  fontsize=10;\n  fontname=\"Arial\";\n  compound=true;\n  rankdir=TB;\n  pad=0.25;\n  node [fontname=\"Arial\", fontsize=10];\n  edge [fontname=\"Arial\", fontsize=9];\n\n  // Node definitions with nested namespaces\n  subgraph cluster_horizontal {\n    label=\"\";\n    style=filled;\n    fontsize=10;\n    fillcolor=\"#FFFFFF\";\n    color=\"#999999\";\n    \"horizontal\" [label=<<table border=\"0\" cellborder=\"0\" cellspacing=\"0\" cellpadding=\"4\"><tr><td align=\"left\" port=\"cluster_header\"><b>horizontal</b> <i>&lt;process&gt;</i> <i>@Direction(\"LR\")</i></td></tr></table>>, shape=plain, margin=0];\n    \"horizontal__cluster_anchor\" [shape=point, width=0.01, height=0.01, label=\"\", style=invis, fixedsize=true];\n\n    \"a\" [label=<<table border=\"0\" cellborder=\"0\" cellspacing=\"0\" cellpadding=\"4\"><tr><td align=\"left\"><b>a</b> <i>&lt;task&gt;</i></td></tr></table>>, shape=box, fillcolor=\"#E3F2FD\", style=filled, color=\"#1976D2\"];\n    \"c\" [label=<<table border=\"0\" cellborder=\"0\" cellspacing=\"0\" cellpadding=\"4\"><tr><td align=\"left\"><b>c</b></td></tr></table>>, shape=box, fillcolor=\"#FFFFFF\", style=filled, color=\"#000000\"];\n  }\n  subgraph cluster_vertical {\n    label=\"\";\n    style=filled;\n    fontsize=10;\n    fillcolor=\"#FFFFFF\";\n    color=\"#999999\";\n    \"vertical\" [label=<<table border=\"0\" cellborder=\"0\" cellspacing=\"0\" cellpadding=\"4\"><tr><td align=\"left\" port=\"cluster_header\"><b>vertical</b> <i>&lt;process&gt;</i> <i>@Direction(\"TB\")</i></td></tr></table>>, shape=plain, margin=0];\n    \"vertical__cluster_anchor\" [shape=point, width=0.01, height=0.01, label=\"\", style=invis, fixedsize=true];\n\n    \"d\" [label=<<table border=\"0\" cellborder=\"0\" cellspacing=\"0\" cellpadding=\"4\"><tr><td align=\"left\"><b>d</b> <i>&lt;task&gt;</i></td></tr></table>>, shape=box, fillcolor=\"#E3F2FD\", style=filled, color=\"#1976D2\"];\n    \"f\" [label=<<table border=\"0\" cellborder=\"0\" cellspacing=\"0\" cellpadding=\"4\"><tr><td align=\"left\"><b>f</b></td></tr></table>>, shape=box, fillcolor=\"#FFFFFF\", style=filled, color=\"#000000\"];\n  }\n  \"Task\" [label=<<table border=\"0\" cellborder=\"0\" cellspacing=\"0\" cellpadding=\"4\"><tr><td align=\"left\"><b>Task</b></td></tr></table>>, shape=box, fillcolor=\"#FFFFFF\", style=filled, color=\"#000000\"];\n  \"b\" [label=<<table border=\"0\" cellborder=\"0\" cellspacing=\"0\" cellpadding=\"4\"><tr><td align=\"left\"><b>b</b></td></tr></table>>, shape=ellipse, fillcolor=\"#FFF3E0\", style=filled, color=\"#F57C00\"];\n  \"e\" [label=<<table border=\"0\" cellborder=\"0\" cellspacing=\"0\" cellpadding=\"4\"><tr><td align=\"left\"><b>e</b></td></tr></table>>, shape=ellipse, fillcolor=\"#FFF3E0\", style=filled, color=\"#F57C00\"];\n\n  // Edges\n  \"b\" -> \"Task\" [labelOverlay=\"75%\", labelhref=\"#srcLineTBD\"];\n  \"e\" -> \"Task\" [labelOverlay=\"75%\", labelhref=\"#srcLineTBD\"];\n}",
  "svgHash": "9577491f475bffb9a3c5d8f071c615227bfb9a307476b1b6fe7ab1b28496b598"
}