{
  "json": {
    "title": "Shopping Cart",
    "attributes": [],
    "nodes": [
      {
        "name": "ViewCart",
        "type": "state",
        "attributes": [],
        "title": "View Cart"
      },
      {
        "name": "AddItem",
        "type": "state",
        "attributes": [],
        "title": "Add Item"
      },
      {
        "name": "RemoveItem",
        "type": "state",
        "attributes": [],
        "title": "Remove Item"
      },
      {
        "name": "UpdateQuantity",
        "type": "state",
        "attributes": [],
        "title": "Update Quantity"
      },
      {
        "name": "ApplyCoupon",
        "type": "state",
        "attributes": [],
        "title": "Apply Coupon"
      },
      {
        "name": "CalculateTotal",
        "type": "state",
        "attributes": [],
        "title": "Calculate Total"
      }
    ],
    "edges": [
      {
        "source": "AddItem",
        "target": "ViewCart",
        "arrowType": "-->"
      },
      {
        "source": "ViewCart",
        "target": "RemoveItem",
        "arrowType": "-->"
      },
      {
        "source": "RemoveItem",
        "target": "ViewCart",
        "arrowType": "-->"
      },
      {
        "source": "ViewCart",
        "target": "UpdateQuantity",
        "arrowType": "-->"
      },
      {
        "source": "UpdateQuantity",
        "target": "CalculateTotal",
        "arrowType": "-->"
      },
      {
        "source": "CalculateTotal",
        "target": "ViewCart",
        "arrowType": "-->"
      },
      {
        "source": "ViewCart",
        "target": "ApplyCoupon",
        "arrowType": "-->"
      },
      {
        "source": "ApplyCoupon",
        "target": "CalculateTotal",
        "arrowType": "-->"
      }
    ],
    "notes": [],
    "inferredDependencies": []
  },
  "graphviz": "digraph {\n  // Graph attributes\n  label=<<table border=\"0\" cellborder=\"0\" cellspacing=\"0\" cellpadding=\"4\"><tr><td align=\"center\"><font point-size=\"12\"><b>Shopping Cart</b></font></td></tr></table>>;\n  labelloc=\"t\";\n  fontsize=10;\n  fontname=\"Arial\";\n  compound=true;\n  rankdir=TB;\n  pad=0.25;\n  node [fontname=\"Arial\", fontsize=10];\n  edge [fontname=\"Arial\", fontsize=9];\n\n  // Node definitions with nested namespaces\n  \"ViewCart\" [label=<<table border=\"0\" cellborder=\"0\" cellspacing=\"0\" cellpadding=\"4\"><tr><td align=\"left\"><b>ViewCart</b> <i>&lt;state&gt;</i></td></tr><tr><td align=\"left\">View Cart</td></tr></table>>, shape=diamond, fillcolor=\"#F3E5F5\", style=filled, color=\"#7B1FA2\"];\n  \"AddItem\" [label=<<table border=\"0\" cellborder=\"0\" cellspacing=\"0\" cellpadding=\"4\"><tr><td align=\"left\"><b>AddItem</b> <i>&lt;state&gt;</i></td></tr><tr><td align=\"left\">Add Item</td></tr></table>>, shape=diamond, fillcolor=\"#F3E5F5\", style=filled, color=\"#7B1FA2\"];\n  \"RemoveItem\" [label=<<table border=\"0\" cellborder=\"0\" cellspacing=\"0\" cellpadding=\"4\"><tr><td align=\"left\"><b>RemoveItem</b> <i>&lt;state&gt;</i></td></tr><tr><td align=\"left\">Remove Item</td></tr></table>>, shape=diamond, fillcolor=\"#F3E5F5\", style=filled, color=\"#7B1FA2\"];\n  \"UpdateQuantity\" [label=<<table border=\"0\" cellborder=\"0\" cellspacing=\"0\" cellpadding=\"4\"><tr><td align=\"left\"><b>UpdateQuantity</b> <i>&lt;state&gt;</i></td></tr><tr><td align=\"left\">Update Quantity</td></tr></table>>, shape=diamond, fillcolor=\"#F3E5F5\", style=filled, color=\"#7B1FA2\"];\n  \"ApplyCoupon\" [label=<<table border=\"0\" cellborder=\"0\" cellspacing=\"0\" cellpadding=\"4\"><tr><td align=\"left\"><b>ApplyCoupon</b> <i>&lt;state&gt;</i></td></tr><tr><td align=\"left\">Apply Coupon</td></tr></table>>, shape=diamond, fillcolor=\"#F3E5F5\", style=filled, color=\"#7B1FA2\"];\n  \"CalculateTotal\" [label=<<table border=\"0\" cellborder=\"0\" cellspacing=\"0\" cellpadding=\"4\"><tr><td align=\"left\"><b>CalculateTotal</b> <i>&lt;state&gt;</i></td></tr><tr><td align=\"left\">Calculate Total</td></tr></table>>, shape=diamond, fillcolor=\"#F3E5F5\", style=filled, color=\"#7B1FA2\"];\n\n  // Edges\n  \"AddItem\" -> \"ViewCart\" [style=\"dashed\", labelOverlay=\"75%\", labelhref=\"#srcLineTBD\"];\n  \"ViewCart\" -> \"RemoveItem\" [style=\"dashed\", labelOverlay=\"75%\", labelhref=\"#srcLineTBD\"];\n  \"RemoveItem\" -> \"ViewCart\" [style=\"dashed\", labelOverlay=\"75%\", labelhref=\"#srcLineTBD\"];\n  \"ViewCart\" -> \"UpdateQuantity\" [style=\"dashed\", labelOverlay=\"75%\", labelhref=\"#srcLineTBD\"];\n  \"UpdateQuantity\" -> \"CalculateTotal\" [style=\"dashed\", labelOverlay=\"75%\", labelhref=\"#srcLineTBD\"];\n  \"CalculateTotal\" -> \"ViewCart\" [style=\"dashed\", labelOverlay=\"75%\", labelhref=\"#srcLineTBD\"];\n  \"ViewCart\" -> \"ApplyCoupon\" [style=\"dashed\", labelOverlay=\"75%\", labelhref=\"#srcLineTBD\"];\n  \"ApplyCoupon\" -> \"CalculateTotal\" [style=\"dashed\", labelOverlay=\"75%\", labelhref=\"#srcLineTBD\"];\n}",
  "svgHash": "4edcfe1bf2ef0e6c1dce8661223299675033c10ff5ec4b0ad0c9445e2d18c138"
}