{
  "json": {
    "title": "Module B",
    "attributes": [],
    "nodes": [
      {
        "name": "Initialize",
        "type": "state",
        "attributes": [],
        "title": "Initialize B"
      },
      {
        "name": "Process",
        "type": "state",
        "attributes": [],
        "title": "Process B"
      },
      {
        "name": "Validate",
        "type": "state",
        "attributes": [],
        "title": "Validate B"
      },
      {
        "name": "Complete",
        "type": "state",
        "attributes": [],
        "title": "Complete B"
      }
    ],
    "edges": [
      {
        "source": "Initialize",
        "target": "Process",
        "arrowType": "-->"
      },
      {
        "source": "Process",
        "target": "Validate",
        "arrowType": "-->"
      },
      {
        "source": "Validate",
        "target": "Complete",
        "arrowType": "-->"
      }
    ],
    "notes": [],
    "inferredDependencies": []
  },
  "graphviz": "digraph {\n  // Graph attributes\n  label=<<table border=\"0\" cellborder=\"0\" cellspacing=\"0\" cellpadding=\"4\"><tr><td align=\"center\"><font point-size=\"12\"><b>Module B</b></font></td></tr></table>>;\n  labelloc=\"t\";\n  fontsize=10;\n  fontname=\"Arial\";\n  compound=true;\n  rankdir=TB;\n  pad=0.25;\n  node [fontname=\"Arial\", fontsize=10];\n  edge [fontname=\"Arial\", fontsize=9];\n\n  // Node definitions with nested namespaces\n  \"Initialize\" [label=<<table border=\"0\" cellborder=\"0\" cellspacing=\"0\" cellpadding=\"4\"><tr><td align=\"left\"><b>Initialize</b> <i>&lt;state&gt;</i></td></tr><tr><td align=\"left\">Initialize B</td></tr></table>>, shape=diamond, fillcolor=\"#F3E5F5\", style=filled, color=\"#7B1FA2\"];\n  \"Process\" [label=<<table border=\"0\" cellborder=\"0\" cellspacing=\"0\" cellpadding=\"4\"><tr><td align=\"left\"><b>Process</b> <i>&lt;state&gt;</i></td></tr><tr><td align=\"left\">Process B</td></tr></table>>, shape=diamond, fillcolor=\"#F3E5F5\", style=filled, color=\"#7B1FA2\"];\n  \"Validate\" [label=<<table border=\"0\" cellborder=\"0\" cellspacing=\"0\" cellpadding=\"4\"><tr><td align=\"left\"><b>Validate</b> <i>&lt;state&gt;</i></td></tr><tr><td align=\"left\">Validate B</td></tr></table>>, shape=diamond, fillcolor=\"#F3E5F5\", style=filled, color=\"#7B1FA2\"];\n  \"Complete\" [label=<<table border=\"0\" cellborder=\"0\" cellspacing=\"0\" cellpadding=\"4\"><tr><td align=\"left\"><b>Complete</b> <i>&lt;state&gt;</i></td></tr><tr><td align=\"left\">Complete B</td></tr></table>>, shape=diamond, fillcolor=\"#F3E5F5\", style=filled, color=\"#7B1FA2\"];\n\n  // Edges\n  \"Initialize\" -> \"Process\" [style=\"dashed\", labelOverlay=\"75%\", labelhref=\"#srcLineTBD\"];\n  \"Process\" -> \"Validate\" [style=\"dashed\", labelOverlay=\"75%\", labelhref=\"#srcLineTBD\"];\n  \"Validate\" -> \"Complete\" [style=\"dashed\", labelOverlay=\"75%\", labelhref=\"#srcLineTBD\"];\n}",
  "svgHash": "b488a021b13f77e4f24041529a298fad7042cd7be8a6355001b8d4897d2538b6"
}