{
  "json": {
    "title": "Combined Application",
    "attributes": [],
    "nodes": [
      {
        "name": "Init",
        "type": "state",
        "attributes": [],
        "title": "Initialize"
      },
      {
        "name": "Final",
        "type": "state",
        "attributes": [],
        "title": "Final State"
      },
      {
        "name": "StartA",
        "attributes": []
      },
      {
        "name": "ProcessA",
        "attributes": []
      },
      {
        "name": "ProcessB",
        "attributes": []
      },
      {
        "name": "StartB",
        "attributes": []
      }
    ],
    "edges": [
      {
        "source": "Init",
        "target": "StartA",
        "arrowType": "-->"
      },
      {
        "source": "StartA",
        "target": "ProcessA",
        "arrowType": "-->"
      },
      {
        "source": "ProcessA",
        "target": "ProcessB",
        "arrowType": "-->"
      },
      {
        "source": "ProcessB",
        "target": "StartB",
        "arrowType": "-->"
      },
      {
        "source": "StartB",
        "target": "Final",
        "arrowType": "-->"
      }
    ],
    "notes": [],
    "inferredDependencies": []
  },
  "graphviz": "digraph {\n  // Graph attributes\n  label=<<table border=\"0\" cellborder=\"0\" cellspacing=\"0\" cellpadding=\"4\"><tr><td align=\"center\"><font point-size=\"12\"><b>Combined Application</b></font></td></tr></table>>;\n  labelloc=\"t\";\n  fontsize=10;\n  fontname=\"Arial\";\n  compound=true;\n  rankdir=TB;\n  pad=0.25;\n  node [fontname=\"Arial\", fontsize=10];\n  edge [fontname=\"Arial\", fontsize=9];\n\n  // Node definitions with nested namespaces\n  \"Init\" [label=<<table border=\"0\" cellborder=\"0\" cellspacing=\"0\" cellpadding=\"4\"><tr><td align=\"left\"><b>Init</b> <i>&lt;state&gt;</i></td></tr><tr><td align=\"left\">Initialize</td></tr></table>>, shape=diamond, fillcolor=\"#F3E5F5\", style=filled, color=\"#7B1FA2\"];\n  \"Final\" [label=<<table border=\"0\" cellborder=\"0\" cellspacing=\"0\" cellpadding=\"4\"><tr><td align=\"left\"><b>Final</b> <i>&lt;state&gt;</i></td></tr><tr><td align=\"left\">Final State</td></tr></table>>, shape=diamond, fillcolor=\"#F3E5F5\", style=filled, color=\"#7B1FA2\"];\n  \"StartA\" [label=<<table border=\"0\" cellborder=\"0\" cellspacing=\"0\" cellpadding=\"4\"><tr><td align=\"left\"><b>StartA</b></td></tr></table>>, shape=box, fillcolor=\"#FFFFFF\", style=filled, color=\"#000000\"];\n  \"ProcessA\" [label=<<table border=\"0\" cellborder=\"0\" cellspacing=\"0\" cellpadding=\"4\"><tr><td align=\"left\"><b>ProcessA</b></td></tr></table>>, shape=box, fillcolor=\"#FFFFFF\", style=filled, color=\"#000000\"];\n  \"ProcessB\" [label=<<table border=\"0\" cellborder=\"0\" cellspacing=\"0\" cellpadding=\"4\"><tr><td align=\"left\"><b>ProcessB</b></td></tr></table>>, shape=box, fillcolor=\"#FFFFFF\", style=filled, color=\"#000000\"];\n  \"StartB\" [label=<<table border=\"0\" cellborder=\"0\" cellspacing=\"0\" cellpadding=\"4\"><tr><td align=\"left\"><b>StartB</b></td></tr></table>>, shape=box, fillcolor=\"#FFFFFF\", style=filled, color=\"#000000\"];\n\n  // Edges\n  \"Init\" -> \"StartA\" [style=\"dashed\", labelOverlay=\"75%\", labelhref=\"#srcLineTBD\"];\n  \"StartA\" -> \"ProcessA\" [style=\"dashed\", labelOverlay=\"75%\", labelhref=\"#srcLineTBD\"];\n  \"ProcessA\" -> \"ProcessB\" [style=\"dashed\", labelOverlay=\"75%\", labelhref=\"#srcLineTBD\"];\n  \"ProcessB\" -> \"StartB\" [style=\"dashed\", labelOverlay=\"75%\", labelhref=\"#srcLineTBD\"];\n  \"StartB\" -> \"Final\" [style=\"dashed\", labelOverlay=\"75%\", labelhref=\"#srcLineTBD\"];\n}",
  "svgHash": "af95c45239f461e79d01a9a5e66999eb2925083401e0e9a10135823037a31b90"
}