{
  "json": {
    "title": "Secure Application",
    "attributes": [],
    "nodes": [
      {
        "name": "Home",
        "type": "state",
        "attributes": [],
        "title": "Home"
      },
      {
        "name": "Protected",
        "type": "state",
        "attributes": [],
        "title": "Protected Resource"
      },
      {
        "name": "Success",
        "type": "state",
        "attributes": [],
        "title": "Access Granted"
      },
      {
        "name": "Authentication",
        "attributes": []
      },
      {
        "name": "Login",
        "attributes": [],
        "parent": "Authentication"
      },
      {
        "name": "Session",
        "attributes": [],
        "parent": "Authentication"
      },
      {
        "name": "Authorization",
        "attributes": []
      },
      {
        "name": "CheckPermissions",
        "attributes": [],
        "parent": "Authorization"
      },
      {
        "name": "GrantAccess",
        "attributes": [],
        "parent": "Authorization"
      }
    ],
    "edges": [
      {
        "source": "Home",
        "target": "Login",
        "arrowType": "-->"
      },
      {
        "source": "Login",
        "target": "Session",
        "arrowType": "-->"
      },
      {
        "source": "Session",
        "target": "CheckPermissions",
        "arrowType": "-->"
      },
      {
        "source": "CheckPermissions",
        "target": "GrantAccess",
        "arrowType": "-->"
      },
      {
        "source": "GrantAccess",
        "target": "Protected",
        "arrowType": "-->"
      },
      {
        "source": "Protected",
        "target": "Success",
        "arrowType": "-->"
      }
    ],
    "notes": [],
    "inferredDependencies": []
  },
  "graphviz": "digraph {\n  // Graph attributes\n  label=<<table border=\"0\" cellborder=\"0\" cellspacing=\"0\" cellpadding=\"4\"><tr><td align=\"center\"><font point-size=\"12\"><b>Secure Application</b></font></td></tr></table>>;\n  labelloc=\"t\";\n  fontsize=10;\n  fontname=\"Arial\";\n  compound=true;\n  rankdir=TB;\n  pad=0.25;\n  node [fontname=\"Arial\", fontsize=10];\n  edge [fontname=\"Arial\", fontsize=9];\n\n  // Node definitions with nested namespaces\n  \"Home\" [label=<<table border=\"0\" cellborder=\"0\" cellspacing=\"0\" cellpadding=\"4\"><tr><td align=\"left\"><b>Home</b> <i>&lt;state&gt;</i></td></tr></table>>, shape=diamond, fillcolor=\"#F3E5F5\", style=filled, color=\"#7B1FA2\"];\n  \"Protected\" [label=<<table border=\"0\" cellborder=\"0\" cellspacing=\"0\" cellpadding=\"4\"><tr><td align=\"left\"><b>Protected</b> <i>&lt;state&gt;</i></td></tr><tr><td align=\"left\">Protected Resource</td></tr></table>>, shape=diamond, fillcolor=\"#F3E5F5\", style=filled, color=\"#7B1FA2\"];\n  \"Success\" [label=<<table border=\"0\" cellborder=\"0\" cellspacing=\"0\" cellpadding=\"4\"><tr><td align=\"left\"><b>Success</b> <i>&lt;state&gt;</i></td></tr><tr><td align=\"left\">Access Granted</td></tr></table>>, shape=diamond, fillcolor=\"#F3E5F5\", style=filled, color=\"#7B1FA2\"];\n  subgraph cluster_Authentication {\n    label=<<table border=\"0\" cellborder=\"0\" cellspacing=\"0\" cellpadding=\"2\"><tr><td align=\"center\"><b>Authentication</b></td></tr></table>>;\n    labelloc=\"t\";\n    style=filled;\n    fontsize=10;\n    fillcolor=\"#FFFFFF\";\n    color=\"#999999\";\n    \"Authentication__cluster_anchor\" [shape=point, width=0.01, height=0.01, label=\"\", style=invis, fixedsize=true];\n\n    \"Login\" [label=<<table border=\"0\" cellborder=\"0\" cellspacing=\"0\" cellpadding=\"4\"><tr><td align=\"left\"><b>Login</b></td></tr></table>>, shape=box, fillcolor=\"#FFFFFF\", style=filled, color=\"#000000\"];\n    \"Session\" [label=<<table border=\"0\" cellborder=\"0\" cellspacing=\"0\" cellpadding=\"4\"><tr><td align=\"left\"><b>Session</b></td></tr></table>>, shape=box, fillcolor=\"#FFFFFF\", style=filled, color=\"#000000\"];\n  }\n  subgraph cluster_Authorization {\n    label=<<table border=\"0\" cellborder=\"0\" cellspacing=\"0\" cellpadding=\"2\"><tr><td align=\"center\"><b>Authorization</b></td></tr></table>>;\n    labelloc=\"t\";\n    style=filled;\n    fontsize=10;\n    fillcolor=\"#FFFFFF\";\n    color=\"#999999\";\n    \"Authorization__cluster_anchor\" [shape=point, width=0.01, height=0.01, label=\"\", style=invis, fixedsize=true];\n\n    \"CheckPermissions\" [label=<<table border=\"0\" cellborder=\"0\" cellspacing=\"0\" cellpadding=\"4\"><tr><td align=\"left\"><b>CheckPermissions</b></td></tr></table>>, shape=box, fillcolor=\"#FFFFFF\", style=filled, color=\"#000000\"];\n    \"GrantAccess\" [label=<<table border=\"0\" cellborder=\"0\" cellspacing=\"0\" cellpadding=\"4\"><tr><td align=\"left\"><b>GrantAccess</b></td></tr></table>>, shape=box, fillcolor=\"#FFFFFF\", style=filled, color=\"#000000\"];\n  }\n\n  // Edges\n  \"Home\" -> \"Login\" [style=\"dashed\", labelOverlay=\"75%\", labelhref=\"#srcLineTBD\"];\n  \"Login\" -> \"Session\" [style=\"dashed\", labelOverlay=\"75%\", labelhref=\"#srcLineTBD\"];\n  \"Session\" -> \"CheckPermissions\" [style=\"dashed\", labelOverlay=\"75%\", labelhref=\"#srcLineTBD\"];\n  \"CheckPermissions\" -> \"GrantAccess\" [style=\"dashed\", labelOverlay=\"75%\", labelhref=\"#srcLineTBD\"];\n  \"GrantAccess\" -> \"Protected\" [style=\"dashed\", labelOverlay=\"75%\", labelhref=\"#srcLineTBD\"];\n  \"Protected\" -> \"Success\" [style=\"dashed\", labelOverlay=\"75%\", labelhref=\"#srcLineTBD\"];\n}",
  "svgHash": "7c0a972d19599c23a0a79cf183d11e6402f42f9d056adb876380df14576a4d29"
}