{
  "json": {
    "title": "Consumer",
    "attributes": [],
    "nodes": [
      {
        "name": "LocalState",
        "type": "state",
        "attributes": [],
        "title": "Local node"
      },
      {
        "name": "PublicStateA",
        "attributes": []
      },
      {
        "name": "PublicTask",
        "attributes": []
      }
    ],
    "edges": [
      {
        "source": "LocalState",
        "target": "PublicStateA",
        "arrowType": "-->"
      },
      {
        "source": "PublicStateA",
        "target": "PublicTask",
        "arrowType": "-->"
      }
    ],
    "notes": [],
    "inferredDependencies": []
  },
  "graphviz": "digraph {\n  // Graph attributes\n  label=<<table border=\"0\" cellborder=\"0\" cellspacing=\"0\" cellpadding=\"4\"><tr><td align=\"center\"><font point-size=\"12\"><b>Consumer</b></font></td></tr></table>>;\n  labelloc=\"t\";\n  fontsize=10;\n  fontname=\"Arial\";\n  compound=true;\n  rankdir=TB;\n  pad=0.25;\n  node [fontname=\"Arial\", fontsize=10];\n  edge [fontname=\"Arial\", fontsize=9];\n\n  // Node definitions with nested namespaces\n  \"LocalState\" [label=<<table border=\"0\" cellborder=\"0\" cellspacing=\"0\" cellpadding=\"4\"><tr><td align=\"left\"><b>LocalState</b> <i>&lt;state&gt;</i></td></tr><tr><td align=\"left\">Local node</td></tr></table>>, shape=diamond, fillcolor=\"#F3E5F5\", style=filled, color=\"#7B1FA2\"];\n  \"PublicStateA\" [label=<<table border=\"0\" cellborder=\"0\" cellspacing=\"0\" cellpadding=\"4\"><tr><td align=\"left\"><b>PublicStateA</b></td></tr></table>>, shape=folder, fillcolor=\"#E8F5E9\", style=filled, color=\"#388E3C\"];\n  \"PublicTask\" [label=<<table border=\"0\" cellborder=\"0\" cellspacing=\"0\" cellpadding=\"4\"><tr><td align=\"left\"><b>PublicTask</b></td></tr></table>>, shape=box, fillcolor=\"#FFFFFF\", style=filled, color=\"#000000\"];\n\n  // Edges\n  \"LocalState\" -> \"PublicStateA\" [style=\"dashed\", labelOverlay=\"75%\", labelhref=\"#srcLineTBD\"];\n  \"PublicStateA\" -> \"PublicTask\" [style=\"dashed\", labelOverlay=\"75%\", labelhref=\"#srcLineTBD\"];\n}",
  "svgHash": "99216f5802cc93241fd3ebfca884c7b82d34329b7217c752474a0396c1fe54c4"
}