{
  "json": {
    "title": "Strict Validation",
    "attributes": [],
    "annotations": [
      {
        "name": "StrictMode"
      }
    ],
    "nodes": [
      {
        "name": "start",
        "type": "task",
        "attributes": [],
        "title": "Start"
      }
    ],
    "edges": [
      {
        "source": "start",
        "target": "undefined_node",
        "arrowType": "->"
      }
    ],
    "notes": [],
    "inferredDependencies": []
  },
  "graphviz": "digraph {\n  // Graph attributes\n  label=<<table border=\"0\" cellborder=\"0\" cellspacing=\"0\" cellpadding=\"4\"><tr><td align=\"center\"><font point-size=\"12\"><b>Strict Validation</b></font></td></tr><tr><td align=\"center\"><font point-size=\"10\">v @StrictMode</font></td></tr></table>>;\n  labelloc=\"t\";\n  fontsize=10;\n  fontname=\"Arial\";\n  compound=true;\n  rankdir=TB;\n  pad=0.25;\n  node [fontname=\"Arial\", fontsize=10];\n  edge [fontname=\"Arial\", fontsize=9];\n\n  // Node definitions with nested namespaces\n  \"start\" [label=<<table border=\"0\" cellborder=\"0\" cellspacing=\"0\" cellpadding=\"4\"><tr><td align=\"left\"><b>start</b> <i>&lt;task&gt;</i></td></tr><tr><td align=\"left\">Start</td></tr><tr><td align=\"left\" bgcolor=\"#FFF4CC\"><font point-size=\"8\"><b>⚠️ 1 issue</b><br/>Node cannot be reached from entry points<br/></font></td></tr></table>>, shape=box, fillcolor=\"#E3F2FD\", style=filled, color=\"#1976D2\", penwidth=2, color=\"#FFA726\"];\n\n  // Edges\n  \"start\" -> \"undefined_node\" [labelOverlay=\"75%\", labelhref=\"#srcLineTBD\"];\n\n  // Validation Warnings\n  \"warning_start_0\" [label=<⚠️ Node cannot be reached from entry<br/>points\n\nSuggestion: Add an edge from an<br/>entry point or init node to this node>, shape=note, fillcolor=\"#FFF4CC\", style=filled, fontsize=9];\n  \"warning_start_0\" -> \"start\" [style=dashed, color=\"#999999\", arrowhead=none];\n}",
  "svgHash": "a3a6cc9470c7347fd501cdb17205d09c5dcae25a14788c58e259b61b5f87b378"
}