{
  "json": {
    "attributes": [
      {
        "name": "id",
        "type": "UUID",
        "value": "550e8400-e29b-41d4-a716-446655440000"
      }
    ],
    "nodes": [],
    "edges": [],
    "notes": [],
    "inferredDependencies": []
  },
  "graphviz": "digraph {\n  // Graph attributes\n  label=<<table border=\"0\" cellborder=\"0\" cellspacing=\"0\" cellpadding=\"4\"><tr><td><table border=\"0\" cellborder=\"1\" cellspacing=\"0\" cellpadding=\"2\" align=\"left\"><tr><td port=\"id__key\" align=\"left\" balign=\"left\">id : UUID</td><td port=\"id__value\" align=\"left\" balign=\"left\">550e8400-e29b-41d4-a716-446655<br align=\"left\"/>440000</td></tr></table></td></tr></table>>;\n  labelloc=\"t\";\n  fontsize=10;\n  fontname=\"Arial\";\n  compound=true;\n  rankdir=TB;\n  pad=0.25;\n  node [fontname=\"Arial\", fontsize=10];\n  edge [fontname=\"Arial\", fontsize=9];\n\n  // Node definitions with nested namespaces\n\n\n}",
  "svgHash": "e74ebf02a0f7730a02f8e7da13f618f006864bcb1ce4523ae65164804e3fc97d"
}