{
  "json": {
    "attributes": [],
    "nodes": [
      {
        "name": "process",
        "type": "task",
        "attributes": []
      },
      {
        "name": "analyze",
        "type": "task",
        "attributes": [],
        "title": "Analyze Data"
      },
      {
        "name": "ready",
        "type": "state",
        "attributes": [],
        "annotations": [
          {
            "name": "Critical"
          }
        ]
      },
      {
        "name": "configured",
        "type": "task",
        "attributes": [
          {
            "name": "model",
            "value": "claude-3-5-sonnet-20241022"
          },
          {
            "name": "temperature",
            "value": 0.7
          }
        ]
      }
    ],
    "edges": [],
    "notes": [],
    "inferredDependencies": []
  },
  "graphviz": "digraph {\n  // Graph attributes\n  label=<<table border=\"0\" cellborder=\"0\" cellspacing=\"0\" cellpadding=\"4\"></table>>;\n  labelloc=\"t\";\n  fontsize=10;\n  fontname=\"Arial\";\n  compound=true;\n  rankdir=TB;\n  pad=0.25;\n  node [fontname=\"Arial\", fontsize=10];\n  edge [fontname=\"Arial\", fontsize=9];\n\n  // Node definitions with nested namespaces\n  \"process\" [label=<<table border=\"0\" cellborder=\"0\" cellspacing=\"0\" cellpadding=\"4\"><tr><td align=\"left\"><b>process</b> <i>&lt;task&gt;</i></td></tr></table>>, shape=box, fillcolor=\"#E3F2FD\", style=filled, color=\"#1976D2\"];\n  \"analyze\" [label=<<table border=\"0\" cellborder=\"0\" cellspacing=\"0\" cellpadding=\"4\"><tr><td align=\"left\"><b>analyze</b> <i>&lt;task&gt;</i></td></tr><tr><td align=\"left\">Analyze Data</td></tr></table>>, shape=box, fillcolor=\"#E3F2FD\", style=filled, color=\"#1976D2\"];\n  \"ready\" [label=<<table border=\"0\" cellborder=\"0\" cellspacing=\"0\" cellpadding=\"4\"><tr><td align=\"left\"><b>ready</b> <i>&lt;state&gt;</i> <i>@Critical</i></td></tr></table>>, shape=diamond, fillcolor=\"#F3E5F5\", style=filled, color=\"#7B1FA2\", penwidth=3];\n  \"configured\" [label=<<table border=\"0\" cellborder=\"0\" cellspacing=\"0\" cellpadding=\"4\"><tr><td align=\"left\"><b>configured</b> <i>&lt;task&gt;</i></td></tr><tr><td><table border=\"0\" cellborder=\"1\" cellspacing=\"0\" cellpadding=\"2\" align=\"left\"><tr><td port=\"model__key\" align=\"left\" balign=\"left\">model</td><td port=\"model__value\" align=\"left\" balign=\"left\">claude-3-5-sonnet-20241022</td></tr><tr><td port=\"temperature__key\" align=\"left\" balign=\"left\">temperature</td><td port=\"temperature__value\" align=\"left\" balign=\"left\">0.7</td></tr></table></td></tr></table>>, shape=box, fillcolor=\"#E3F2FD\", style=filled, color=\"#1976D2\"];\n\n}",
  "svgHash": "f950bf3dab481ace150ed9b53fb0e622fcc5a1f67a9e2311bb54a53a499c1294"
}