{
  "json": {
    "attributes": [],
    "nodes": [
      {
        "name": "a",
        "attributes": []
      },
      {
        "name": "b",
        "attributes": []
      },
      {
        "name": "Child",
        "attributes": []
      },
      {
        "name": "Parent",
        "attributes": []
      },
      {
        "name": "Container",
        "attributes": []
      },
      {
        "name": "Component",
        "attributes": []
      },
      {
        "name": "Group",
        "attributes": []
      },
      {
        "name": "Member",
        "attributes": []
      }
    ],
    "edges": [
      {
        "source": "a",
        "target": "b",
        "arrowType": "->"
      },
      {
        "source": "a",
        "target": "b",
        "arrowType": "-->"
      },
      {
        "source": "a",
        "target": "b",
        "arrowType": "=>"
      },
      {
        "source": "Child",
        "target": "Parent",
        "arrowType": "<|--"
      },
      {
        "source": "Container",
        "target": "Component",
        "arrowType": "*-->"
      },
      {
        "source": "Group",
        "target": "Member",
        "arrowType": "o-->"
      },
      {
        "source": "a",
        "target": "b",
        "arrowType": "<-->"
      }
    ],
    "notes": [],
    "inferredDependencies": []
  },
  "graphviz": "digraph {\n  // Graph attributes\n  label=<<table border=\"0\" cellborder=\"0\" cellspacing=\"0\" cellpadding=\"4\"></table>>;\n  labelloc=\"t\";\n  fontsize=10;\n  fontname=\"Arial\";\n  compound=true;\n  rankdir=TB;\n  pad=0.25;\n  node [fontname=\"Arial\", fontsize=10];\n  edge [fontname=\"Arial\", fontsize=9];\n\n  // Node definitions with nested namespaces\n  \"a\" [label=<<table border=\"0\" cellborder=\"0\" cellspacing=\"0\" cellpadding=\"4\"><tr><td align=\"left\"><b>a</b></td></tr></table>>, shape=ellipse, fillcolor=\"#FFF3E0\", style=filled, color=\"#F57C00\"];\n  \"b\" [label=<<table border=\"0\" cellborder=\"0\" cellspacing=\"0\" cellpadding=\"4\"><tr><td align=\"left\"><b>b</b></td></tr></table>>, shape=box, fillcolor=\"#FFFFFF\", style=filled, color=\"#000000\"];\n  \"Child\" [label=<<table border=\"0\" cellborder=\"0\" cellspacing=\"0\" cellpadding=\"4\"><tr><td align=\"left\"><b>Child</b></td></tr></table>>, shape=ellipse, fillcolor=\"#FFF3E0\", style=filled, color=\"#F57C00\"];\n  \"Parent\" [label=<<table border=\"0\" cellborder=\"0\" cellspacing=\"0\" cellpadding=\"4\"><tr><td align=\"left\"><b>Parent</b></td></tr></table>>, shape=box, fillcolor=\"#FFFFFF\", style=filled, color=\"#000000\"];\n  \"Container\" [label=<<table border=\"0\" cellborder=\"0\" cellspacing=\"0\" cellpadding=\"4\"><tr><td align=\"left\"><b>Container</b></td></tr></table>>, shape=ellipse, fillcolor=\"#FFF3E0\", style=filled, color=\"#F57C00\"];\n  \"Component\" [label=<<table border=\"0\" cellborder=\"0\" cellspacing=\"0\" cellpadding=\"4\"><tr><td align=\"left\"><b>Component</b></td></tr></table>>, shape=box, fillcolor=\"#FFFFFF\", style=filled, color=\"#000000\"];\n  \"Group\" [label=<<table border=\"0\" cellborder=\"0\" cellspacing=\"0\" cellpadding=\"4\"><tr><td align=\"left\"><b>Group</b></td></tr></table>>, shape=ellipse, fillcolor=\"#FFF3E0\", style=filled, color=\"#F57C00\"];\n  \"Member\" [label=<<table border=\"0\" cellborder=\"0\" cellspacing=\"0\" cellpadding=\"4\"><tr><td align=\"left\"><b>Member</b></td></tr></table>>, shape=box, fillcolor=\"#FFFFFF\", style=filled, color=\"#000000\"];\n\n  // Edges\n  \"a\" -> \"b\" [labelOverlay=\"75%\", labelhref=\"#srcLineTBD\"];\n  \"a\" -> \"b\" [style=\"dashed\", labelOverlay=\"75%\", labelhref=\"#srcLineTBD\"];\n  \"a\" -> \"b\" [penwidth=3, color=\"#D32F2F\", labelOverlay=\"75%\", labelhref=\"#srcLineTBD\"];\n  \"Child\" -> \"Parent\" [arrowhead=empty, dir=back, labelOverlay=\"75%\", labelhref=\"#srcLineTBD\"];\n  \"Container\" -> \"Component\" [arrowhead=diamond, arrowtail=diamond, dir=forward, labelOverlay=\"75%\", labelhref=\"#srcLineTBD\"];\n  \"Group\" -> \"Member\" [arrowhead=odiamond, arrowtail=none, labelOverlay=\"75%\", labelhref=\"#srcLineTBD\"];\n  \"a\" -> \"b\" [dir=both, arrowhead=normal, arrowtail=normal, labelOverlay=\"75%\", labelhref=\"#srcLineTBD\"];\n}",
  "svgHash": "126de2f650798a47e781b5c74e274b4420d3a8360ccbde604e6e21e029cd9660"
}