{
  "json": {
    "attributes": [],
    "nodes": [
      {
        "name": "Workflow",
        "attributes": []
      },
      {
        "name": "start",
        "type": "task",
        "attributes": [],
        "parent": "Workflow"
      },
      {
        "name": "process",
        "type": "task",
        "attributes": [],
        "parent": "Workflow"
      },
      {
        "name": "complete",
        "type": "task",
        "attributes": [],
        "parent": "Workflow"
      }
    ],
    "edges": [
      {
        "source": "start",
        "target": "process",
        "arrowType": "->"
      },
      {
        "source": "process",
        "target": "complete",
        "arrowType": "->"
      }
    ],
    "notes": [],
    "inferredDependencies": []
  },
  "graphviz": "digraph {\n  // Graph attributes\n  label=<<table border=\"0\" cellborder=\"0\" cellspacing=\"0\" cellpadding=\"4\"></table>>;\n  labelloc=\"t\";\n  fontsize=10;\n  fontname=\"Arial\";\n  compound=true;\n  rankdir=TB;\n  pad=0.25;\n  node [fontname=\"Arial\", fontsize=10];\n  edge [fontname=\"Arial\", fontsize=9];\n\n  // Node definitions with nested namespaces\n  subgraph cluster_Workflow {\n    label=<<table border=\"0\" cellborder=\"0\" cellspacing=\"0\" cellpadding=\"2\"><tr><td align=\"center\"><b>Workflow</b></td></tr></table>>;\n    labelloc=\"t\";\n    style=filled;\n    fontsize=10;\n    fillcolor=\"#FFFFFF\";\n    color=\"#999999\";\n    \"Workflow__cluster_anchor\" [shape=point, width=0.01, height=0.01, label=\"\", style=invis, fixedsize=true];\n\n    \"start\" [label=<<table border=\"0\" cellborder=\"0\" cellspacing=\"0\" cellpadding=\"4\"><tr><td align=\"left\"><b>start</b> <i>&lt;task&gt;</i></td></tr></table>>, shape=box, fillcolor=\"#E3F2FD\", style=filled, color=\"#1976D2\"];\n    \"process\" [label=<<table border=\"0\" cellborder=\"0\" cellspacing=\"0\" cellpadding=\"4\"><tr><td align=\"left\"><b>process</b> <i>&lt;task&gt;</i></td></tr></table>>, shape=box, fillcolor=\"#E3F2FD\", style=filled, color=\"#1976D2\"];\n    \"complete\" [label=<<table border=\"0\" cellborder=\"0\" cellspacing=\"0\" cellpadding=\"4\"><tr><td align=\"left\"><b>complete</b> <i>&lt;task&gt;</i></td></tr></table>>, shape=box, fillcolor=\"#E3F2FD\", style=filled, color=\"#1976D2\"];\n  }\n\n  // Edges\n  \"start\" -> \"process\" [labelOverlay=\"75%\", labelhref=\"#srcLineTBD\"];\n  \"process\" -> \"complete\" [labelOverlay=\"75%\", labelhref=\"#srcLineTBD\"];\n}",
  "svgHash": "a9cd9920f6bc5070f06b669fdfc473213b9de21fd86f7421446bad730b5ff3cd"
}