{
  "json": {
    "attributes": [],
    "nodes": [
      {
        "name": "apiEndpoint",
        "type": "task",
        "attributes": [],
        "annotations": [
          {
            "name": "HTTP",
            "value": "GET"
          },
          {
            "name": "Route",
            "value": "/api/users"
          },
          {
            "name": "Auth",
            "value": "Bearer"
          }
        ]
      },
      {
        "name": "handler",
        "type": "task",
        "attributes": [],
        "annotations": [
          {
            "name": "EventDriven"
          },
          {
            "name": "Topic",
            "value": "user.created"
          }
        ]
      },
      {
        "name": "processor",
        "type": "task",
        "attributes": [],
        "annotations": [
          {
            "name": "Batch"
          },
          {
            "name": "Schedule",
            "value": "0 0 * * *"
          }
        ]
      }
    ],
    "edges": [],
    "notes": [],
    "inferredDependencies": []
  },
  "graphviz": "digraph {\n  // Graph attributes\n  label=<<table border=\"0\" cellborder=\"0\" cellspacing=\"0\" cellpadding=\"4\"></table>>;\n  labelloc=\"t\";\n  fontsize=10;\n  fontname=\"Arial\";\n  compound=true;\n  rankdir=TB;\n  pad=0.25;\n  node [fontname=\"Arial\", fontsize=10];\n  edge [fontname=\"Arial\", fontsize=9];\n\n  // Node definitions with nested namespaces\n  \"apiEndpoint\" [label=<<table border=\"0\" cellborder=\"0\" cellspacing=\"0\" cellpadding=\"4\"><tr><td align=\"left\"><b>apiEndpoint</b> <i>&lt;task&gt;</i> <i>@HTTP(\"GET\") @Route(\"/api/users\") @Auth(\"Bearer\")</i></td></tr></table>>, shape=box, fillcolor=\"#E3F2FD\", style=filled, color=\"#1976D2\"];\n  \"handler\" [label=<<table border=\"0\" cellborder=\"0\" cellspacing=\"0\" cellpadding=\"4\"><tr><td align=\"left\"><b>handler</b> <i>&lt;task&gt;</i> <i>@EventDriven @Topic(\"user.created\")</i></td></tr></table>>, shape=box, fillcolor=\"#E3F2FD\", style=filled, color=\"#1976D2\"];\n  \"processor\" [label=<<table border=\"0\" cellborder=\"0\" cellspacing=\"0\" cellpadding=\"4\"><tr><td align=\"left\"><b>processor</b> <i>&lt;task&gt;</i> <i>@Batch @Schedule(\"0 0 * * *\")</i></td></tr></table>>, shape=box, fillcolor=\"#E3F2FD\", style=filled, color=\"#1976D2\"];\n\n}",
  "svgHash": "d4fbff2186a4f3aeb0063edf45404c42a03ef367700551ee600cdd6353ab3701"
}