{
  "json": {
    "attributes": [],
    "nodes": [
      {
        "name": "myTask",
        "type": "task",
        "attributes": [
          {
            "name": "name",
            "value": "ProcessData"
          },
          {
            "name": "prompt",
            "value": "I am {{ myTask.name }}"
          }
        ]
      }
    ],
    "edges": [],
    "notes": [],
    "inferredDependencies": []
  },
  "graphviz": "digraph {\n  // Graph attributes\n  label=<<table border=\"0\" cellborder=\"0\" cellspacing=\"0\" cellpadding=\"4\"></table>>;\n  labelloc=\"t\";\n  fontsize=10;\n  fontname=\"Arial\";\n  compound=true;\n  rankdir=TB;\n  pad=0.25;\n  node [fontname=\"Arial\", fontsize=10];\n  edge [fontname=\"Arial\", fontsize=9];\n\n  // Node definitions with nested namespaces\n  \"myTask\" [label=<<table border=\"0\" cellborder=\"0\" cellspacing=\"0\" cellpadding=\"4\"><tr><td align=\"left\"><b>myTask</b> <i>&lt;task&gt;</i></td></tr><tr><td align=\"left\">I am {{ myTask.name }}</td></tr><tr><td><table border=\"0\" cellborder=\"1\" cellspacing=\"0\" cellpadding=\"2\" align=\"left\"><tr><td port=\"name__key\" align=\"left\" balign=\"left\">name</td><td port=\"name__value\" align=\"left\" balign=\"left\">ProcessData</td></tr></table></td></tr></table>>, shape=box, fillcolor=\"#E3F2FD\", style=filled, color=\"#1976D2\"];\n\n}",
  "svgHash": "08d4ae6dd8d524afd569a4d8815d9978307011bfcc72dd0cb537a3472ec4ff54"
}