{
  "json": {
    "title": "Any Node as Type",
    "attributes": [],
    "nodes": [
      {
        "name": "Config",
        "type": "context",
        "attributes": [
          {
            "name": "apiKey",
            "type": "string"
          },
          {
            "name": "timeout",
            "type": "number"
          }
        ]
      },
      {
        "name": "Session",
        "type": "state",
        "attributes": [
          {
            "name": "userId",
            "type": "string"
          },
          {
            "name": "expiresAt",
            "type": "Date"
          }
        ]
      },
      {
        "name": "authenticate",
        "type": "task",
        "attributes": [
          {
            "name": "config",
            "type": "Config",
            "value": {
              "apiKey": "secret",
              "timeout": 30
            }
          },
          {
            "name": "session",
            "type": "Session",
            "value": {
              "userId": "user123",
              "expiresAt": "2025-10-31T12:00:00Z"
            }
          }
        ]
      }
    ],
    "edges": [],
    "notes": [],
    "inferredDependencies": []
  },
  "graphviz": "digraph {\n  // Graph attributes\n  label=<<table border=\"0\" cellborder=\"0\" cellspacing=\"0\" cellpadding=\"4\"><tr><td align=\"center\"><font point-size=\"12\"><b>Any Node as Type</b></font></td></tr></table>>;\n  labelloc=\"t\";\n  fontsize=10;\n  fontname=\"Arial\";\n  compound=true;\n  rankdir=TB;\n  pad=0.25;\n  node [fontname=\"Arial\", fontsize=10];\n  edge [fontname=\"Arial\", fontsize=9];\n\n  // Node definitions with nested namespaces\n  \"Config\" [label=<<table border=\"0\" cellborder=\"0\" cellspacing=\"0\" cellpadding=\"4\"><tr><td align=\"left\"><b>Config</b> <i>&lt;context&gt;</i></td></tr><tr><td><table border=\"0\" cellborder=\"1\" cellspacing=\"0\" cellpadding=\"2\" align=\"left\"><tr><td port=\"apiKey__key\" align=\"left\" balign=\"left\">apiKey : string</td><td port=\"apiKey__value\" align=\"left\" balign=\"left\">null</td></tr><tr><td port=\"timeout__key\" align=\"left\" balign=\"left\">timeout : number</td><td port=\"timeout__value\" align=\"left\" balign=\"left\">null</td></tr></table></td></tr><tr><td align=\"left\" bgcolor=\"#FFCCCC\"><font point-size=\"8\"><b>ðŸ”´ 2 issues</b><br/>Attribute 'apiKey' has type string but no value pr...<br/>Attribute 'timeout' has type number but no value p...<br/></font></td></tr></table>>, shape=folder, fillcolor=\"#E8F5E9\", style=filled, color=\"#388E3C\", penwidth=3, color=\"#D32F2F\"];\n  \"Session\" [label=<<table border=\"0\" cellborder=\"0\" cellspacing=\"0\" cellpadding=\"4\"><tr><td align=\"left\"><b>Session</b> <i>&lt;state&gt;</i></td></tr><tr><td><table border=\"0\" cellborder=\"1\" cellspacing=\"0\" cellpadding=\"2\" align=\"left\"><tr><td port=\"userId__key\" align=\"left\" balign=\"left\">userId : string</td><td port=\"userId__value\" align=\"left\" balign=\"left\">null</td></tr><tr><td port=\"expiresAt__key\" align=\"left\" balign=\"left\">expiresAt : Date</td><td port=\"expiresAt__value\" align=\"left\" balign=\"left\">null</td></tr></table></td></tr><tr><td align=\"left\" bgcolor=\"#FFCCCC\"><font point-size=\"8\"><b>ðŸ”´ 2 issues</b><br/>Attribute 'userId' has type string but no value pr...<br/>Attribute 'expiresAt' has type Date but no value p...<br/></font></td></tr></table>>, shape=diamond, fillcolor=\"#F3E5F5\", style=filled, color=\"#7B1FA2\", penwidth=3, color=\"#D32F2F\"];\n  \"authenticate\" [label=<<table border=\"0\" cellborder=\"0\" cellspacing=\"0\" cellpadding=\"4\"><tr><td align=\"left\"><b>authenticate</b> <i>&lt;task&gt;</i></td></tr><tr><td><table border=\"0\" cellborder=\"1\" cellspacing=\"0\" cellpadding=\"2\" align=\"left\"><tr><td port=\"config__key\" align=\"left\" balign=\"left\">config : Config</td><td port=\"config__value\" align=\"left\" balign=\"left\">{<br align=\"left\"/>  &quot;apiKey&quot;: &quot;secret&quot;,<br align=\"left\"/>  &quot;timeout&quot;: 30<br align=\"left\"/>}</td></tr><tr><td port=\"session__key\" align=\"left\" balign=\"left\">session : Session</td><td port=\"session__value\" align=\"left\" balign=\"left\">{<br align=\"left\"/>  &quot;userId&quot;: &quot;user123&quot;,<br align=\"left\"/>&quot;expiresAt&quot;:<br align=\"left\"/>&quot;2025-10-31T12:00:00Z&quot;<br align=\"left\"/>}</td></tr></table></td></tr></table>>, shape=box, fillcolor=\"#E3F2FD\", style=filled, color=\"#1976D2\"];\n\n\n  // Validation Warnings\n  \"warning_Config_0\" [label=<ðŸ”´ Attribute 'apiKey' has type string<br/>but no value provided>, shape=note, fillcolor=\"#FFCCCC\", style=filled, fontsize=9];\n  \"warning_Config_0\" -> \"Config\" [style=dashed, color=\"#999999\", arrowhead=none];\n  \"warning_Config_1\" [label=<ðŸ”´ Attribute 'timeout' has type number<br/>but no value provided>, shape=note, fillcolor=\"#FFCCCC\", style=filled, fontsize=9];\n  \"warning_Config_1\" -> \"Config\" [style=dashed, color=\"#999999\", arrowhead=none];\n  \"warning_Session_0\" [label=<ðŸ”´ Attribute 'userId' has type string<br/>but no value provided>, shape=note, fillcolor=\"#FFCCCC\", style=filled, fontsize=9];\n  \"warning_Session_0\" -> \"Session\" [style=dashed, color=\"#999999\", arrowhead=none];\n  \"warning_Session_1\" [label=<ðŸ”´ Attribute 'expiresAt' has type Date<br/>but no value provided>, shape=note, fillcolor=\"#FFCCCC\", style=filled, fontsize=9];\n  \"warning_Session_1\" -> \"Session\" [style=dashed, color=\"#999999\", arrowhead=none];\n}",
  "svgHash": "e650c7b8de25ebfbfb8dda4fa638eaca07623990a65469a269201bfa36cd02dc"
}