{
  "json": {
    "attributes": [],
    "nodes": [
      {
        "name": "Start",
        "attributes": []
      },
      {
        "name": "Workflow",
        "attributes": []
      },
      {
        "name": "Step1",
        "attributes": [],
        "parent": "Workflow"
      },
      {
        "name": "Step2",
        "attributes": [],
        "parent": "Workflow"
      }
    ],
    "edges": [
      {
        "source": "Start",
        "target": "Step1",
        "arrowType": "->",
        "value": {
          "priority": "1"
        },
        "attributes": {
          "priority": "1"
        }
      },
      {
        "source": "Step1",
        "target": "Step2",
        "arrowType": "->",
        "value": {
          "weight": "0.8",
          "condition": "ready"
        },
        "attributes": {
          "weight": "0.8",
          "condition": "ready"
        }
      }
    ],
    "notes": [],
    "inferredDependencies": []
  },
  "graphviz": "digraph {\n  // Graph attributes\n  label=<<table border=\"0\" cellborder=\"0\" cellspacing=\"0\" cellpadding=\"4\"></table>>;\n  labelloc=\"t\";\n  fontsize=10;\n  fontname=\"Arial\";\n  compound=true;\n  rankdir=TB;\n  pad=0.25;\n  node [fontname=\"Arial\", fontsize=10];\n  edge [fontname=\"Arial\", fontsize=9];\n\n  // Node definitions with nested namespaces\n  \"Start\" [label=<<table border=\"0\" cellborder=\"0\" cellspacing=\"0\" cellpadding=\"4\"><tr><td align=\"left\"><b>Start</b></td></tr></table>>, shape=ellipse, fillcolor=\"#FFF3E0\", style=filled, color=\"#F57C00\"];\n  subgraph cluster_Workflow {\n    label=<<table border=\"0\" cellborder=\"0\" cellspacing=\"0\" cellpadding=\"2\"><tr><td align=\"center\"><b>Workflow</b></td></tr></table>>;\n    labelloc=\"t\";\n    style=filled;\n    fontsize=10;\n    fillcolor=\"#FFFFFF\";\n    color=\"#999999\";\n    \"Workflow__cluster_anchor\" [shape=point, width=0.01, height=0.01, label=\"\", style=invis, fixedsize=true];\n\n    \"Step1\" [label=<<table border=\"0\" cellborder=\"0\" cellspacing=\"0\" cellpadding=\"4\"><tr><td align=\"left\"><b>Step1</b></td></tr></table>>, shape=box, fillcolor=\"#FFFFFF\", style=filled, color=\"#000000\"];\n    \"Step2\" [label=<<table border=\"0\" cellborder=\"0\" cellspacing=\"0\" cellpadding=\"4\"><tr><td align=\"left\"><b>Step2</b></td></tr></table>>, shape=box, fillcolor=\"#FFFFFF\", style=filled, color=\"#000000\"];\n  }\n\n  // Edges\n  \"Start\" -> \"Step1\" [label=<<table border=\"0\" cellborder=\"0\" cellspacing=\"0\" cellpadding=\"2\" align=\"left\"><tr><td align=\"left\" balign=\"left\">priority=1</td></tr></table>>, labelOverlay=\"75%\", labelhref=\"#srcLineTBD\"];\n  \"Step1\" -> \"Step2\" [label=<<table border=\"0\" cellborder=\"0\" cellspacing=\"0\" cellpadding=\"2\" align=\"left\"><tr><td align=\"left\" balign=\"left\">weight=0.8, condition=ready</td></tr></table>>, labelOverlay=\"75%\", labelhref=\"#srcLineTBD\"];\n}",
  "svgHash": "a14f12ade231331e1c7229647b9a5ed9cdfac3c53d72a3f5bfb2562f31e46010"
}