{
  "json": {
    "title": "MultilineExample",
    "attributes": [],
    "nodes": [
      {
        "name": "instructionNode",
        "attributes": [
          {
            "name": "steps",
            "value": "Step 1: Initialize\n    Step 2: Configure\n    Step 3: Execute"
          }
        ]
      }
    ],
    "edges": [],
    "notes": [],
    "inferredDependencies": []
  },
  "graphviz": "digraph {\n  // Graph attributes\n  label=<<table border=\"0\" cellborder=\"0\" cellspacing=\"0\" cellpadding=\"4\"><tr><td align=\"center\"><font point-size=\"12\"><b>MultilineExample</b></font></td></tr></table>>;\n  labelloc=\"t\";\n  fontsize=10;\n  fontname=\"Arial\";\n  compound=true;\n  rankdir=TB;\n  pad=0.25;\n  node [fontname=\"Arial\", fontsize=10];\n  edge [fontname=\"Arial\", fontsize=9];\n\n  // Node definitions with nested namespaces\n  \"instructionNode\" [label=<<table border=\"0\" cellborder=\"0\" cellspacing=\"0\" cellpadding=\"4\"><tr><td align=\"left\"><b>instructionNode</b></td></tr><tr><td><table border=\"0\" cellborder=\"1\" cellspacing=\"0\" cellpadding=\"2\" align=\"left\"><tr><td port=\"steps__key\" align=\"left\" balign=\"left\">steps</td><td port=\"steps__value\" align=\"left\" balign=\"left\">Step 1: Initialize<br align=\"left\"/>    Step 2: Configure<br align=\"left\"/>    Step 3: Execute</td></tr></table></td></tr></table>>, shape=folder, fillcolor=\"#E8F5E9\", style=filled, color=\"#388E3C\"];\n\n}",
  "svgHash": "cd558f250da9d28956b5443f6d7b997057e893f0f157017acca5909a72e1fbbd"
}