{
  "json": {
    "title": "Phase 4: Complete Validated Example",
    "attributes": [],
    "nodes": [
      {
        "name": "apiConfig",
        "type": "context",
        "attributes": [
          {
            "name": "baseUrl",
            "type": "string",
            "value": "https://api.example.com"
          },
          {
            "name": "apiKey",
            "type": "string",
            "value": "secret-key-12345"
          },
          {
            "name": "timeout",
            "type": "number",
            "value": 5000
          },
          {
            "name": "maxRetries",
            "type": "number",
            "value": 3
          }
        ],
        "annotations": [
          {
            "name": "Singleton"
          }
        ]
      },
      {
        "name": "appSettings",
        "type": "context",
        "attributes": [
          {
            "name": "debugMode",
            "type": "boolean",
            "value": false
          },
          {
            "name": "logLevel",
            "type": "string",
            "value": "INFO"
          },
          {
            "name": "cacheSize",
            "type": "number",
            "value": 1000
          }
        ]
      },
      {
        "name": "BaseDataProcessor",
        "type": "task",
        "attributes": [
          {
            "name": "version",
            "type": "string",
            "value": 2
          },
          {
            "name": "retries",
            "type": "number",
            "value": 3
          }
        ],
        "annotations": [
          {
            "name": "Abstract"
          }
        ]
      },
      {
        "name": "BaseValidator",
        "type": "task",
        "attributes": [
          {
            "name": "strictMode",
            "type": "boolean",
            "value": true
          }
        ],
        "annotations": [
          {
            "name": "Abstract"
          }
        ]
      },
      {
        "name": "DataFetcher",
        "type": "task",
        "attributes": [
          {
            "name": "url",
            "type": "string",
            "value": "{{ apiConfig.baseUrl }}/data"
          },
          {
            "name": "response",
            "type": "Promise<Response>",
            "value": "pending"
          },
          {
            "name": "timeoutMs",
            "type": "number",
            "value": 10
          }
        ],
        "annotations": [
          {
            "name": "Async"
          }
        ]
      },
      {
        "name": "DataProcessor",
        "type": "task",
        "attributes": [
          {
            "name": "input",
            "type": "Array<Record>",
            "value": []
          },
          {
            "name": "output",
            "type": "Map<string, any>",
            "value": []
          },
          {
            "name": "processedCount",
            "type": "number",
            "value": 0
          }
        ]
      },
      {
        "name": "DataValidator",
        "type": "task",
        "attributes": [
          {
            "name": "rules",
            "type": "Array<string>",
            "value": [
              "required",
              "format",
              "range"
            ]
          },
          {
            "name": "validationResult",
            "type": "boolean",
            "value": false
          }
        ]
      },
      {
        "name": "DataPersister",
        "type": "task",
        "attributes": [
          {
            "name": "saveLocation",
            "type": "string",
            "value": "database"
          },
          {
            "name": "saved",
            "type": "boolean",
            "value": false
          }
        ],
        "annotations": [
          {
            "name": "Async"
          }
        ]
      },
      {
        "name": "CacheService",
        "type": "task",
        "attributes": [
          {
            "name": "cacheData",
            "type": "Map<string, any>",
            "value": []
          },
          {
            "name": "hitRate",
            "type": "number",
            "value": 0
          }
        ],
        "annotations": [
          {
            "name": "Singleton"
          }
        ]
      },
      {
        "name": "LoggingService",
        "type": "task",
        "attributes": [
          {
            "name": "logs",
            "type": "Array<string>",
            "value": []
          },
          {
            "name": "level",
            "type": "string",
            "value": "{{ appSettings.logLevel }}"
          }
        ],
        "annotations": [
          {
            "name": "Singleton"
          }
        ]
      },
      {
        "name": "ValidationPassed",
        "type": "state",
        "attributes": [
          {
            "name": "timestamp",
            "type": "number",
            "value": 0
          },
          {
            "name": "recordCount",
            "type": "number",
            "value": 0
          }
        ]
      },
      {
        "name": "ValidationFailed",
        "type": "state",
        "attributes": [
          {
            "name": "errors",
            "type": "Array<string>",
            "value": []
          },
          {
            "name": "failureReason",
            "type": "string",
            "value": "unknown"
          }
        ]
      },
      {
        "name": "ProcessingComplete",
        "type": "state",
        "attributes": [
          {
            "name": "duration",
            "type": "number",
            "value": 0
          },
          {
            "name": "status",
            "type": "string",
            "value": "success"
          }
        ]
      },
      {
        "name": "ProcessingError",
        "type": "state",
        "attributes": [
          {
            "name": "errorMessage",
            "type": "string",
            "value": "An error occurred"
          },
          {
            "name": "stackTrace",
            "type": "string",
            "value": ""
          }
        ]
      },
      {
        "name": "start",
        "type": "init",
        "attributes": [
          {
            "name": "startTime",
            "type": "number",
            "value": 0
          },
          {
            "name": "initiator",
            "type": "string",
            "value": "system"
          }
        ]
      }
    ],
    "edges": [
      {
        "source": "BaseDataProcessor",
        "target": "DataFetcher",
        "arrowType": "<|--"
      },
      {
        "source": "BaseDataProcessor",
        "target": "DataProcessor",
        "arrowType": "<|--"
      },
      {
        "source": "BaseValidator",
        "target": "DataValidator",
        "arrowType": "<|--"
      },
      {
        "source": "start",
        "target": "DataFetcher",
        "arrowType": "->"
      },
      {
        "source": "DataFetcher",
        "target": "DataValidator",
        "arrowType": "->"
      },
      {
        "source": "DataValidator",
        "target": "ValidationPassed",
        "arrowType": "->"
      },
      {
        "source": "DataValidator",
        "target": "ValidationFailed",
        "arrowType": "->"
      },
      {
        "source": "ValidationPassed",
        "target": "DataProcessor",
        "arrowType": "->"
      },
      {
        "source": "ValidationFailed",
        "target": "ProcessingError",
        "arrowType": "->"
      },
      {
        "source": "DataProcessor",
        "target": "DataPersister",
        "arrowType": "->"
      },
      {
        "source": "DataPersister",
        "target": "ProcessingComplete",
        "arrowType": "->"
      },
      {
        "source": "DataPersister",
        "target": "ProcessingError",
        "arrowType": "->"
      }
    ],
    "notes": [
      {
        "target": "start",
        "content": "Entry point for the data processing pipeline. All validation checks pass.",
        "annotations": [],
        "attributes": []
      },
      {
        "target": "apiConfig",
        "content": "Configuration context - properly has no incoming edges",
        "annotations": [],
        "attributes": []
      },
      {
        "target": "BaseDataProcessor",
        "content": "Abstract base class - properly marked with @Abstract annotation",
        "annotations": [],
        "attributes": []
      },
      {
        "target": "DataFetcher",
        "content": "Async task properly marked with @Async annotation",
        "annotations": [],
        "attributes": []
      },
      {
        "target": "ProcessingComplete",
        "content": "Exit point - has no outgoing edges (expected)",
        "annotations": [],
        "attributes": []
      }
    ],
    "inferredDependencies": [
      {
        "source": "DataFetcher",
        "target": "apiConfig",
        "reason": "reads url",
        "path": "apiConfig.baseUrl"
      },
      {
        "source": "LoggingService",
        "target": "appSettings",
        "reason": "reads level",
        "path": "appSettings.logLevel"
      }
    ]
  },
  "graphviz": "digraph {\n  // Graph attributes\n  label=<<table border=\"0\" cellborder=\"0\" cellspacing=\"0\" cellpadding=\"4\"><tr><td align=\"center\"><font point-size=\"12\"><b>Phase 4: Complete Validated Example</b></font></td></tr></table>>;\n  labelloc=\"t\";\n  fontsize=10;\n  fontname=\"Arial\";\n  compound=true;\n  rankdir=TB;\n  pad=0.25;\n  node [fontname=\"Arial\", fontsize=10];\n  edge [fontname=\"Arial\", fontsize=9];\n\n  // Node definitions with nested namespaces\n  \"apiConfig\" [label=<<table border=\"0\" cellborder=\"0\" cellspacing=\"0\" cellpadding=\"4\"><tr><td align=\"left\"><b>apiConfig</b> <i>&lt;context&gt;</i> <i>@Singleton</i></td></tr><tr><td><table border=\"0\" cellborder=\"1\" cellspacing=\"0\" cellpadding=\"2\" align=\"left\"><tr><td port=\"baseUrl__key\" align=\"left\" balign=\"left\">baseUrl : string</td><td port=\"baseUrl__value\" align=\"left\" balign=\"left\">https://api.example.com</td></tr><tr><td port=\"apiKey__key\" align=\"left\" balign=\"left\">apiKey : string</td><td port=\"apiKey__value\" align=\"left\" balign=\"left\">secret-key-12345</td></tr><tr><td port=\"timeout__key\" align=\"left\" balign=\"left\">timeout : number</td><td port=\"timeout__value\" align=\"left\" balign=\"left\">5000</td></tr><tr><td port=\"maxRetries__key\" align=\"left\" balign=\"left\">maxRetries : number</td><td port=\"maxRetries__value\" align=\"left\" balign=\"left\">3</td></tr></table></td></tr></table>>, shape=folder, fillcolor=\"#E8F5E9\", style=filled, color=\"#388E3C\", peripheries=2];\n  \"appSettings\" [label=<<table border=\"0\" cellborder=\"0\" cellspacing=\"0\" cellpadding=\"4\"><tr><td align=\"left\"><b>appSettings</b> <i>&lt;context&gt;</i></td></tr><tr><td><table border=\"0\" cellborder=\"1\" cellspacing=\"0\" cellpadding=\"2\" align=\"left\"><tr><td port=\"debugMode__key\" align=\"left\" balign=\"left\">debugMode : boolean</td><td port=\"debugMode__value\" align=\"left\" balign=\"left\">false</td></tr><tr><td port=\"logLevel__key\" align=\"left\" balign=\"left\">logLevel : string</td><td port=\"logLevel__value\" align=\"left\" balign=\"left\">INFO</td></tr><tr><td port=\"cacheSize__key\" align=\"left\" balign=\"left\">cacheSize : number</td><td port=\"cacheSize__value\" align=\"left\" balign=\"left\">1000</td></tr></table></td></tr></table>>, shape=folder, fillcolor=\"#E8F5E9\", style=filled, color=\"#388E3C\"];\n  \"BaseDataProcessor\" [label=<<table border=\"0\" cellborder=\"0\" cellspacing=\"0\" cellpadding=\"4\"><tr><td align=\"left\"><b>BaseDataProcessor</b> <i>&lt;task&gt;</i> <i>@Abstract</i></td></tr><tr><td><table border=\"0\" cellborder=\"1\" cellspacing=\"0\" cellpadding=\"2\" align=\"left\"><tr><td port=\"version__key\" align=\"left\" balign=\"left\">version : string</td><td port=\"version__value\" align=\"left\" balign=\"left\">2</td></tr><tr><td port=\"retries__key\" align=\"left\" balign=\"left\">retries : number</td><td port=\"retries__value\" align=\"left\" balign=\"left\">3</td></tr></table></td></tr><tr><td align=\"left\" bgcolor=\"#FFCCCC\"><font point-size=\"8\"><b>🔴 1 issue</b><br/>Type mismatch: expected string, got number. Expect...<br/></font></td></tr></table>>, shape=egg, fillcolor=\"#E3F2FD\", style=\"filled,dashed\", color=\"#1976D2\", penwidth=3, color=\"#D32F2F\"];\n  \"BaseValidator\" [label=<<table border=\"0\" cellborder=\"0\" cellspacing=\"0\" cellpadding=\"4\"><tr><td align=\"left\"><b>BaseValidator</b> <i>&lt;task&gt;</i> <i>@Abstract</i></td></tr><tr><td><table border=\"0\" cellborder=\"1\" cellspacing=\"0\" cellpadding=\"2\" align=\"left\"><tr><td port=\"strictMode__key\" align=\"left\" balign=\"left\">strictMode : boolean</td><td port=\"strictMode__value\" align=\"left\" balign=\"left\">true</td></tr></table></td></tr></table>>, shape=egg, fillcolor=\"#E3F2FD\", style=\"filled,dashed\", color=\"#1976D2\"];\n  \"DataFetcher\" [label=<<table border=\"0\" cellborder=\"0\" cellspacing=\"0\" cellpadding=\"4\"><tr><td align=\"left\"><b>DataFetcher</b> <i>&lt;task&gt;</i> <i>@Async</i></td></tr><tr><td><table border=\"0\" cellborder=\"1\" cellspacing=\"0\" cellpadding=\"2\" align=\"left\"><tr><td port=\"url__key\" align=\"left\" balign=\"left\">url : string</td><td port=\"url__value\" align=\"left\" balign=\"left\">{{ apiConfig.baseUrl }}/data</td></tr><tr><td port=\"response__key\" align=\"left\" balign=\"left\">response : Promise&lt;Response&gt;</td><td port=\"response__value\" align=\"left\" balign=\"left\">pending</td></tr><tr><td port=\"timeoutMs__key\" align=\"left\" balign=\"left\">timeoutMs : number</td><td port=\"timeoutMs__value\" align=\"left\" balign=\"left\">10</td></tr></table></td></tr><tr><td align=\"left\" bgcolor=\"#FFCCCC\"><font point-size=\"8\"><b>🔴 1 issue</b><br/>Type mismatch: expected Promise&lt;Response&gt;, got str...<br/></font></td></tr></table>>, shape=box, fillcolor=\"#E3F2FD\", style=filled, color=\"#1976D2\", penwidth=3, color=\"#D32F2F\"];\n  \"DataProcessor\" [label=<<table border=\"0\" cellborder=\"0\" cellspacing=\"0\" cellpadding=\"4\"><tr><td align=\"left\"><b>DataProcessor</b> <i>&lt;task&gt;</i></td></tr><tr><td><table border=\"0\" cellborder=\"1\" cellspacing=\"0\" cellpadding=\"2\" align=\"left\"><tr><td port=\"input__key\" align=\"left\" balign=\"left\">input : Array&lt;Record&gt;</td><td port=\"input__value\" align=\"left\" balign=\"left\">[]</td></tr><tr><td port=\"output__key\" align=\"left\" balign=\"left\">output : Map&lt;string, any&gt;</td><td port=\"output__value\" align=\"left\" balign=\"left\">[]</td></tr><tr><td port=\"processedCount__key\" align=\"left\" balign=\"left\">processedCount : number</td><td port=\"processedCount__value\" align=\"left\" balign=\"left\">0</td></tr></table></td></tr><tr><td align=\"left\" bgcolor=\"#FFCCCC\"><font point-size=\"8\"><b>🔴 2 issues</b><br/>Type mismatch: expected Array&lt;Record&gt;, got Array&lt;R...<br/>Type mismatch: expected Map&lt;string, any&gt;, got Map&lt;...<br/></font></td></tr></table>>, shape=box, fillcolor=\"#E3F2FD\", style=filled, color=\"#1976D2\", penwidth=3, color=\"#D32F2F\"];\n  \"DataValidator\" [label=<<table border=\"0\" cellborder=\"0\" cellspacing=\"0\" cellpadding=\"4\"><tr><td align=\"left\"><b>DataValidator</b> <i>&lt;task&gt;</i></td></tr><tr><td><table border=\"0\" cellborder=\"1\" cellspacing=\"0\" cellpadding=\"2\" align=\"left\"><tr><td port=\"rules__key\" align=\"left\" balign=\"left\">rules : Array&lt;string&gt;</td><td port=\"rules__value\" align=\"left\" balign=\"left\">[<br align=\"left\"/>  &quot;required&quot;,<br align=\"left\"/>  &quot;format&quot;,<br align=\"left\"/>  &quot;range&quot;<br align=\"left\"/>]</td></tr><tr><td port=\"validationResult__key\" align=\"left\" balign=\"left\">validationResult : boolean</td><td port=\"validationResult__value\" align=\"left\" balign=\"left\">false</td></tr></table></td></tr><tr><td align=\"left\" bgcolor=\"#FFCCCC\"><font point-size=\"8\"><b>🔴 1 issue</b><br/>Type mismatch: expected Array&lt;string&gt;, got Array&lt;a...<br/></font></td></tr></table>>, shape=box, fillcolor=\"#E3F2FD\", style=filled, color=\"#1976D2\", penwidth=3, color=\"#D32F2F\"];\n  \"DataPersister\" [label=<<table border=\"0\" cellborder=\"0\" cellspacing=\"0\" cellpadding=\"4\"><tr><td align=\"left\"><b>DataPersister</b> <i>&lt;task&gt;</i> <i>@Async</i></td></tr><tr><td><table border=\"0\" cellborder=\"1\" cellspacing=\"0\" cellpadding=\"2\" align=\"left\"><tr><td port=\"saveLocation__key\" align=\"left\" balign=\"left\">saveLocation : string</td><td port=\"saveLocation__value\" align=\"left\" balign=\"left\">database</td></tr><tr><td port=\"saved__key\" align=\"left\" balign=\"left\">saved : boolean</td><td port=\"saved__value\" align=\"left\" balign=\"left\">false</td></tr></table></td></tr></table>>, shape=box, fillcolor=\"#E3F2FD\", style=filled, color=\"#1976D2\"];\n  \"CacheService\" [label=<<table border=\"0\" cellborder=\"0\" cellspacing=\"0\" cellpadding=\"4\"><tr><td align=\"left\"><b>CacheService</b> <i>&lt;task&gt;</i> <i>@Singleton</i></td></tr><tr><td><table border=\"0\" cellborder=\"1\" cellspacing=\"0\" cellpadding=\"2\" align=\"left\"><tr><td port=\"cacheData__key\" align=\"left\" balign=\"left\">cacheData : Map&lt;string, any&gt;</td><td port=\"cacheData__value\" align=\"left\" balign=\"left\">[]</td></tr><tr><td port=\"hitRate__key\" align=\"left\" balign=\"left\">hitRate : number</td><td port=\"hitRate__value\" align=\"left\" balign=\"left\">0</td></tr></table></td></tr><tr><td align=\"left\" bgcolor=\"#FFCCCC\"><font point-size=\"8\"><b>🔴 1 issue</b><br/>Type mismatch: expected Map&lt;string, any&gt;, got Map&lt;...<br/></font></td></tr></table>>, shape=box, fillcolor=\"#E3F2FD\", style=filled, color=\"#1976D2\", peripheries=2, penwidth=3, color=\"#D32F2F\"];\n  \"LoggingService\" [label=<<table border=\"0\" cellborder=\"0\" cellspacing=\"0\" cellpadding=\"4\"><tr><td align=\"left\"><b>LoggingService</b> <i>&lt;task&gt;</i> <i>@Singleton</i></td></tr><tr><td><table border=\"0\" cellborder=\"1\" cellspacing=\"0\" cellpadding=\"2\" align=\"left\"><tr><td port=\"logs__key\" align=\"left\" balign=\"left\">logs : Array&lt;string&gt;</td><td port=\"logs__value\" align=\"left\" balign=\"left\">[]</td></tr><tr><td port=\"level__key\" align=\"left\" balign=\"left\">level : string</td><td port=\"level__value\" align=\"left\" balign=\"left\">{{ appSettings.logLevel }}</td></tr></table></td></tr><tr><td align=\"left\" bgcolor=\"#FFCCCC\"><font point-size=\"8\"><b>🔴 1 issue</b><br/>Type mismatch: expected Array&lt;string&gt;, got Array&lt;s...<br/></font></td></tr></table>>, shape=box, fillcolor=\"#E3F2FD\", style=filled, color=\"#1976D2\", peripheries=2, penwidth=3, color=\"#D32F2F\"];\n  \"ValidationPassed\" [label=<<table border=\"0\" cellborder=\"0\" cellspacing=\"0\" cellpadding=\"4\"><tr><td align=\"left\"><b>ValidationPassed</b> <i>&lt;state&gt;</i></td></tr><tr><td><table border=\"0\" cellborder=\"1\" cellspacing=\"0\" cellpadding=\"2\" align=\"left\"><tr><td port=\"timestamp__key\" align=\"left\" balign=\"left\">timestamp : number</td><td port=\"timestamp__value\" align=\"left\" balign=\"left\">0</td></tr><tr><td port=\"recordCount__key\" align=\"left\" balign=\"left\">recordCount : number</td><td port=\"recordCount__value\" align=\"left\" balign=\"left\">0</td></tr></table></td></tr></table>>, shape=diamond, fillcolor=\"#F3E5F5\", style=filled, color=\"#7B1FA2\"];\n  \"ValidationFailed\" [label=<<table border=\"0\" cellborder=\"0\" cellspacing=\"0\" cellpadding=\"4\"><tr><td align=\"left\"><b>ValidationFailed</b> <i>&lt;state&gt;</i></td></tr><tr><td><table border=\"0\" cellborder=\"1\" cellspacing=\"0\" cellpadding=\"2\" align=\"left\"><tr><td port=\"errors__key\" align=\"left\" balign=\"left\">errors : Array&lt;string&gt;</td><td port=\"errors__value\" align=\"left\" balign=\"left\">[]</td></tr><tr><td port=\"failureReason__key\" align=\"left\" balign=\"left\">failureReason : string</td><td port=\"failureReason__value\" align=\"left\" balign=\"left\">unknown</td></tr></table></td></tr><tr><td align=\"left\" bgcolor=\"#FFCCCC\"><font point-size=\"8\"><b>🔴 1 issue</b><br/>Type mismatch: expected Array&lt;string&gt;, got Array&lt;s...<br/></font></td></tr></table>>, shape=diamond, fillcolor=\"#F3E5F5\", style=filled, color=\"#7B1FA2\", penwidth=3, color=\"#D32F2F\"];\n  \"ProcessingComplete\" [label=<<table border=\"0\" cellborder=\"0\" cellspacing=\"0\" cellpadding=\"4\"><tr><td align=\"left\"><b>ProcessingComplete</b> <i>&lt;state&gt;</i></td></tr><tr><td><table border=\"0\" cellborder=\"1\" cellspacing=\"0\" cellpadding=\"2\" align=\"left\"><tr><td port=\"duration__key\" align=\"left\" balign=\"left\">duration : number</td><td port=\"duration__value\" align=\"left\" balign=\"left\">0</td></tr><tr><td port=\"status__key\" align=\"left\" balign=\"left\">status : string</td><td port=\"status__value\" align=\"left\" balign=\"left\">success</td></tr></table></td></tr></table>>, shape=diamond, fillcolor=\"#F3E5F5\", style=filled, color=\"#7B1FA2\"];\n  \"ProcessingError\" [label=<<table border=\"0\" cellborder=\"0\" cellspacing=\"0\" cellpadding=\"4\"><tr><td align=\"left\"><b>ProcessingError</b> <i>&lt;state&gt;</i></td></tr><tr><td><table border=\"0\" cellborder=\"1\" cellspacing=\"0\" cellpadding=\"2\" align=\"left\"><tr><td port=\"errorMessage__key\" align=\"left\" balign=\"left\">errorMessage : string</td><td port=\"errorMessage__value\" align=\"left\" balign=\"left\">An error occurred</td></tr><tr><td port=\"stackTrace__key\" align=\"left\" balign=\"left\">stackTrace : string</td><td port=\"stackTrace__value\" align=\"left\" balign=\"left\"></td></tr></table></td></tr></table>>, shape=diamond, fillcolor=\"#F3E5F5\", style=filled, color=\"#7B1FA2\"];\n  \"start\" [label=<<table border=\"0\" cellborder=\"0\" cellspacing=\"0\" cellpadding=\"4\"><tr><td align=\"left\"><b>start</b> <i>&lt;init&gt;</i></td></tr><tr><td><table border=\"0\" cellborder=\"1\" cellspacing=\"0\" cellpadding=\"2\" align=\"left\"><tr><td port=\"startTime__key\" align=\"left\" balign=\"left\">startTime : number</td><td port=\"startTime__value\" align=\"left\" balign=\"left\">0</td></tr><tr><td port=\"initiator__key\" align=\"left\" balign=\"left\">initiator : string</td><td port=\"initiator__value\" align=\"left\" balign=\"left\">system</td></tr></table></td></tr></table>>, shape=ellipse, fillcolor=\"#FFF3E0\", style=filled, color=\"#F57C00\"];\n\n  // Edges\n  \"BaseDataProcessor\" -> \"DataFetcher\" [arrowhead=empty, dir=back, labelOverlay=\"75%\", labelhref=\"#srcLineTBD\"];\n  \"BaseDataProcessor\" -> \"DataProcessor\" [arrowhead=empty, dir=back, labelOverlay=\"75%\", labelhref=\"#srcLineTBD\"];\n  \"BaseValidator\" -> \"DataValidator\" [arrowhead=empty, dir=back, labelOverlay=\"75%\", labelhref=\"#srcLineTBD\"];\n  \"start\" -> \"DataFetcher\" [labelOverlay=\"75%\", labelhref=\"#srcLineTBD\"];\n  \"DataFetcher\" -> \"DataValidator\" [labelOverlay=\"75%\", labelhref=\"#srcLineTBD\"];\n  \"DataValidator\" -> \"ValidationPassed\" [labelOverlay=\"75%\", labelhref=\"#srcLineTBD\"];\n  \"DataValidator\" -> \"ValidationFailed\" [labelOverlay=\"75%\", labelhref=\"#srcLineTBD\"];\n  \"ValidationPassed\" -> \"DataProcessor\" [labelOverlay=\"75%\", labelhref=\"#srcLineTBD\"];\n  \"ValidationFailed\" -> \"ProcessingError\" [labelOverlay=\"75%\", labelhref=\"#srcLineTBD\"];\n  \"DataProcessor\" -> \"DataPersister\" [labelOverlay=\"75%\", labelhref=\"#srcLineTBD\"];\n  \"DataPersister\" -> \"ProcessingComplete\" [labelOverlay=\"75%\", labelhref=\"#srcLineTBD\"];\n  \"DataPersister\" -> \"ProcessingError\" [labelOverlay=\"75%\", labelhref=\"#srcLineTBD\"];\n\n  // Notes\n  \"note_0_start\" [label=<<table border=\"0\" cellborder=\"0\" cellspacing=\"0\" cellpadding=\"4\"><tr><td align=\"left\">Entry point for the data processing<br/>pipeline. All validation checks pass.</td></tr></table>>, shape=note, fillcolor=\"#FFFACD\", style=filled, fontsize=9];\n  \"note_0_start\" -> \"start\" [style=dashed, color=\"#999999\", arrowhead=none];\n  \"note_1_apiConfig\" [label=<<table border=\"0\" cellborder=\"0\" cellspacing=\"0\" cellpadding=\"4\"><tr><td align=\"left\">Configuration context - properly has no<br/>incoming edges</td></tr></table>>, shape=note, fillcolor=\"#FFFACD\", style=filled, fontsize=9];\n  \"note_1_apiConfig\" -> \"apiConfig\" [style=dashed, color=\"#999999\", arrowhead=none];\n  \"note_2_BaseDataProcessor\" [label=<<table border=\"0\" cellborder=\"0\" cellspacing=\"0\" cellpadding=\"4\"><tr><td align=\"left\">Abstract base class - properly marked<br/>with @Abstract annotation</td></tr></table>>, shape=note, fillcolor=\"#FFFACD\", style=filled, fontsize=9];\n  \"note_2_BaseDataProcessor\" -> \"BaseDataProcessor\" [style=dashed, color=\"#999999\", arrowhead=none];\n  \"note_3_DataFetcher\" [label=<<table border=\"0\" cellborder=\"0\" cellspacing=\"0\" cellpadding=\"4\"><tr><td align=\"left\">Async task properly marked with @Async<br/>annotation</td></tr></table>>, shape=note, fillcolor=\"#FFFACD\", style=filled, fontsize=9];\n  \"note_3_DataFetcher\" -> \"DataFetcher\" [style=dashed, color=\"#999999\", arrowhead=none];\n  \"note_4_ProcessingComplete\" [label=<<table border=\"0\" cellborder=\"0\" cellspacing=\"0\" cellpadding=\"4\"><tr><td align=\"left\">Exit point - has no outgoing edges<br/>(expected)</td></tr></table>>, shape=note, fillcolor=\"#FFFACD\", style=filled, fontsize=9];\n  \"note_4_ProcessingComplete\" -> \"ProcessingComplete\" [style=dashed, color=\"#999999\", arrowhead=none];\n\n  // Validation Warnings\n  \"warning_BaseDataProcessor_0\" [label=<🔴 Type mismatch: expected string, got<br/>number. Expected string, received number>, shape=note, fillcolor=\"#FFCCCC\", style=filled, fontsize=9];\n  \"warning_BaseDataProcessor_0\" -> \"BaseDataProcessor\" [style=dashed, color=\"#999999\", arrowhead=none];\n  \"warning_DataFetcher_0\" [label=<🔴 Type mismatch: expected<br/>Promise&lt;Response&gt;, got string>, shape=note, fillcolor=\"#FFCCCC\", style=filled, fontsize=9];\n  \"warning_DataFetcher_0\" -> \"DataFetcher\" [style=dashed, color=\"#999999\", arrowhead=none];\n  \"warning_DataProcessor_0\" [label=<🔴 Type mismatch: expected<br/>Array&lt;Record&gt;, got Array&lt;Record&gt;.<br/>Expected array, received string>, shape=note, fillcolor=\"#FFCCCC\", style=filled, fontsize=9];\n  \"warning_DataProcessor_0\" -> \"DataProcessor\" [style=dashed, color=\"#999999\", arrowhead=none];\n  \"warning_DataProcessor_1\" [label=<🔴 Type mismatch: expected Map&lt;string,<br/>any&gt;, got Map&lt;string, any&gt;. Expected<br/>object, received string>, shape=note, fillcolor=\"#FFCCCC\", style=filled, fontsize=9];\n  \"warning_DataProcessor_1\" -> \"DataProcessor\" [style=dashed, color=\"#999999\", arrowhead=none];\n  \"warning_DataValidator_0\" [label=<🔴 Type mismatch: expected<br/>Array&lt;string&gt;, got Array&lt;any&gt;. Expected<br/>array, received string>, shape=note, fillcolor=\"#FFCCCC\", style=filled, fontsize=9];\n  \"warning_DataValidator_0\" -> \"DataValidator\" [style=dashed, color=\"#999999\", arrowhead=none];\n  \"warning_CacheService_0\" [label=<🔴 Type mismatch: expected Map&lt;string,<br/>any&gt;, got Map&lt;string, any&gt;. Expected<br/>object, received string>, shape=note, fillcolor=\"#FFCCCC\", style=filled, fontsize=9];\n  \"warning_CacheService_0\" -> \"CacheService\" [style=dashed, color=\"#999999\", arrowhead=none];\n  \"warning_LoggingService_0\" [label=<🔴 Type mismatch: expected<br/>Array&lt;string&gt;, got Array&lt;string&gt;.<br/>Expected array, received string>, shape=note, fillcolor=\"#FFCCCC\", style=filled, fontsize=9];\n  \"warning_LoggingService_0\" -> \"LoggingService\" [style=dashed, color=\"#999999\", arrowhead=none];\n  \"warning_ValidationFailed_0\" [label=<🔴 Type mismatch: expected<br/>Array&lt;string&gt;, got Array&lt;string&gt;.<br/>Expected array, received string>, shape=note, fillcolor=\"#FFCCCC\", style=filled, fontsize=9];\n  \"warning_ValidationFailed_0\" -> \"ValidationFailed\" [style=dashed, color=\"#999999\", arrowhead=none];\n\n  // Inferred Dependencies\n  \"DataFetcher\" -> \"apiConfig\" [label=\"reads url\", style=dashed, color=blue];\n  \"LoggingService\" -> \"appSettings\" [label=\"reads level\", style=dashed, color=blue];\n}",
  "svgHash": "a055a7ed6bfd2969412492ef746f22cd3953e48f1c33dab376f167f7e3e1acee"
}